<?xml version="1.0" encoding="utf-8"?>
<TestRun id="594a1b1d-4033-45f6-8293-24ada326d8d9" name="yuech@DESKTOP-AKFI9N2 2026-10-04 13:26:29" runUser="DESKTOP-AKFI9N2\yuech" xmlns="http://microsoft.com/schemas/VisualStudio/TeamTest/2010">
  <Times creation="2026-10-04T13:26:29.8481686-07:00" queuing="2026-10-04T13:26:29.8481687-07:00" start="2026-10-04T13:26:29.3948873-07:00" finish="2026-10-04T13:26:29.8829918-07:00" />
  <TestSettings name="default" id="ce97d86b-e6f4-40ac-a793-04b7b05a3ef8">
    <Deployment runDeploymentRoot="yuech_DESKTOP-AKFI9N2_2026-10-04_13_26_29" />
  </TestSettings>
  <Results>
    <UnitTestResult executionId="ef98ef99-7589-47c4-aed1-8f0710fcc0c1" testId="8122e09e-17ba-c3e5-be11-83437861dd85" testName="Aurelian.Spatial2D.Tests.SpatialWorld2DTests.TransientActorVolumeCanBeQueriedWithoutWorldMutation" computerName="DESKTOP-AKFI9N2" duration="00:00:00.0007655" startTime="2026-10-04T13:26:29.8313589-07:00" endTime="2026-10-04T13:26:29.8313823-07:00" testType="13cdc9d9-ddb5-4fa4-a97d-d965ccfc6d4b" outcome="Passed" testListId="8c84fa94-04c1-424b-9868-57a2d4851a1d" relativeResultsDirectory="ef98ef99-7589-47c4-aed1-8f0710fcc0c1" />
    <UnitTestResult executionId="f0f8af07-88fc-47af-a728-14d94357a09f" testId="ee7ad58d-a526-f547-e36e-bae9e70b2343" testName="Aurelian.Spatial2D.Tests.SpatialWorld2DTests.PointQueryUsesStableOrdering" computerName="DESKTOP-AKFI9N2" duration="00:00:00.0077106" startTime="2026-10-04T13:26:29.7965275-07:00" endTime="2026-10-04T13:26:29.8038191-07:00" testType="13cdc9d9-ddb5-4fa4-a97d-d965ccfc6d4b" outcome="Passed" testListId="8c84fa94-04c1-424b-9868-57a2d4851a1d" relativeResultsDirectory="f0f8af07-88fc-47af-a728-14d94357a09f" />
    <UnitTestResult executionId="5f2789de-c1b5-448e-b48e-fdf431a28da3" testId="0bc33e24-1bb0-3773-b982-df037799dc44" testName="Aurelian.Spatial2D.Tests.SpatialWorld2DTests.OuterCornerPreservesTangentMotion" computerName="DESKTOP-AKFI9N2" duration="00:00:00.0007275" startTime="2026-10-04T13:26:29.8121192-07:00" endTime="2026-10-04T13:26:29.8128005-07:00" testType="13cdc9d9-ddb5-4fa4-a97d-d965ccfc6d4b" outcome="Passed" testListId="8c84fa94-04c1-424b-9868-57a2d4851a1d" relativeResultsDirectory="5f2789de-c1b5-448e-b48e-fdf431a28da3" />
    <UnitTestResult executionId="47150b91-59c6-4fb0-8afd-65594cd07747" testId="3bb55a23-0e36-79d6-9b2f-3544f2704552" testName="Aurelian.Spatial2D.Tests.SpatialWorld2DTests.KnockbackUsesTheSameCollisionSafeDisplacementLaw" computerName="DESKTOP-AKFI9N2" duration="00:00:00.0002783" startTime="2026-10-04T13:26:29.8315088-07:00" endTime="2026-10-04T13:26:29.8315300-07:00" testType="13cdc9d9-ddb5-4fa4-a97d-d965ccfc6d4b" outcome="Passed" testListId="8c84fa94-04c1-424b-9868-57a2d4851a1d" relativeResultsDirectory="47150b91-59c6-4fb0-8afd-65594cd07747" />
    <UnitTestResult executionId="7a2e33cb-0642-4bb1-8c81-bec8190e6341" testId="5f870ff2-1532-655a-df17-2519e47ca6ba" testName="Aurelian.Spatial2D.Tests.SpatialWorld2DTests.TileAuthoringLowersOnceToWorldSpaceAabb" computerName="DESKTOP-AKFI9N2" duration="00:00:00.0001738" startTime="2026-10-04T13:26:29.8128578-07:00" endTime="2026-10-04T13:26:29.8130038-07:00" testType="13cdc9d9-ddb5-4fa4-a97d-d965ccfc6d4b" outcome="Passed" testListId="8c84fa94-04c1-424b-9868-57a2d4851a1d" relativeResultsDirectory="7a2e33cb-0642-4bb1-8c81-bec8190e6341" />
    <UnitTestResult executionId="1da0c208-1817-40e6-8d02-c972ee6d7bbd" testId="930c0b7d-a763-ae7a-4e4d-860232235713" testName="Aurelian.Spatial2D.Tests.SpatialWorld2DTests.ZeroDisplacementIsNoOpWithoutFakeHit" computerName="DESKTOP-AKFI9N2" duration="00:00:00.0015312" startTime="2026-10-04T13:26:29.8326699-07:00" endTime="2026-10-04T13:26:29.8326932-07:00" testType="13cdc9d9-ddb5-4fa4-a97d-d965ccfc6d4b" outcome="Passed" testListId="8c84fa94-04c1-424b-9868-57a2d4851a1d" relativeResultsDirectory="1da0c208-1817-40e6-8d02-c972ee6d7bbd" />
    <UnitTestResult executionId="27bd7373-3938-448d-a538-58bc8bc58b8b" testId="c55f30da-0568-d1ca-2192-d59f38f7a36f" testName="Aurelian.Spatial2D.Tests.SpatialWorld2DTests.InitialPenetrationIsReportedWithoutDepenetration" computerName="DESKTOP-AKFI9N2" duration="00:00:00.0096153" startTime="2026-10-04T13:26:29.7943609-07:00" endTime="2026-10-04T13:26:29.7960616-07:00" testType="13cdc9d9-ddb5-4fa4-a97d-d965ccfc6d4b" outcome="Passed" testListId="8c84fa94-04c1-424b-9868-57a2d4851a1d" relativeResultsDirectory="27bd7373-3938-448d-a538-58bc8bc58b8b" />
    <UnitTestResult executionId="75cae5fc-7e7d-46fa-b950-97012e25ef20" testId="3e40ada1-7287-5f7b-4f8d-f5d24424fdba" testName="Aurelian.Spatial2D.Tests.SpatialWorld2DTests.LargeDisplacementCannotTunnelThroughThinWall" computerName="DESKTOP-AKFI9N2" duration="00:00:00.0013140" startTime="2026-10-04T13:26:29.8315802-07:00" endTime="2026-10-04T13:26:29.8316081-07:00" testType="13cdc9d9-ddb5-4fa4-a97d-d965ccfc6d4b" outcome="Passed" testListId="8c84fa94-04c1-424b-9868-57a2d4851a1d" relativeResultsDirectory="75cae5fc-7e7d-46fa-b950-97012e25ef20" />
    <UnitTestResult executionId="07e675cf-721e-4f96-b6a4-147a1e2faf42" testId="3ab8f65d-3626-032a-5ef1-6f4ff6d43f1b" testName="Aurelian.Spatial2D.Tests.SpatialWorld2DTests.CircleSweepAgainstCircleIsContinuous" computerName="DESKTOP-AKFI9N2" duration="00:00:00.0011402" startTime="2026-10-04T13:26:29.8039166-07:00" endTime="2026-10-04T13:26:29.8049769-07:00" testType="13cdc9d9-ddb5-4fa4-a97d-d965ccfc6d4b" outcome="Passed" testListId="8c84fa94-04c1-424b-9868-57a2d4851a1d" relativeResultsDirectory="07e675cf-721e-4f96-b6a4-147a1e2faf42" />
    <UnitTestResult executionId="9dc79004-91c3-4b65-8627-df0aa05d43ae" testId="010abf6c-fe62-598e-ab66-7edba05f65bb" testName="Aurelian.Spatial2D.Tests.SpatialWorld2DTests.AttackAndPickupProofsReturnCandidatesNotGameplayCallbacks" computerName="DESKTOP-AKFI9N2" duration="00:00:00.0044282" startTime="2026-10-04T13:26:29.8065821-07:00" endTime="2026-10-04T13:26:29.8109946-07:00" testType="13cdc9d9-ddb5-4fa4-a97d-d965ccfc6d4b" outcome="Passed" testListId="8c84fa94-04c1-424b-9868-57a2d4851a1d" relativeResultsDirectory="9dc79004-91c3-4b65-8627-df0aa05d43ae" />
    <UnitTestResult executionId="014f2dba-0c4c-4f0b-b18a-23937dab3f38" testId="7ed5ef3a-16f5-9dce-28fe-e7a50c281daa" testName="Aurelian.Spatial2D.Tests.SpatialWorld2DTests.LayerFilterIsTypedAndEngineNeutral" computerName="DESKTOP-AKFI9N2" duration="00:00:00.0002161" startTime="2026-10-04T13:26:29.8310356-07:00" endTime="2026-10-04T13:26:29.8310616-07:00" testType="13cdc9d9-ddb5-4fa4-a97d-d965ccfc6d4b" outcome="Passed" testListId="8c84fa94-04c1-424b-9868-57a2d4851a1d" relativeResultsDirectory="014f2dba-0c4c-4f0b-b18a-23937dab3f38" />
    <UnitTestResult executionId="2cb9cbd2-fa22-4d59-80bd-aa567a6e9573" testId="09c5a63a-0fbc-84cb-132f-2e1a6aae30f1" testName="Aurelian.Spatial2D.Tests.SpatialWorld2DTests.ThousandStepReplayHasExactContactAndPositionParity" computerName="DESKTOP-AKFI9N2" duration="00:00:00.0097699" startTime="2026-10-04T13:26:29.8347424-07:00" endTime="2026-10-04T13:26:29.8444652-07:00" testType="13cdc9d9-ddb5-4fa4-a97d-d965ccfc6d4b" outcome="Passed" testListId="8c84fa94-04c1-424b-9868-57a2d4851a1d" relativeResultsDirectory="2cb9cbd2-fa22-4d59-80bd-aa567a6e9573" />
    <UnitTestResult executionId="372725f2-bbb2-49da-9219-db69ee695b58" testId="e021cb12-e442-55f8-924f-ed69a7d89575" testName="Aurelian.Spatial2D.Tests.SpatialWorld2DTests.CircleSweepStopsAtRoundedAabbCorner" computerName="DESKTOP-AKFI9N2" duration="00:00:00.0010339" startTime="2026-10-04T13:26:29.8110596-07:00" endTime="2026-10-04T13:26:29.8120530-07:00" testType="13cdc9d9-ddb5-4fa4-a97d-d965ccfc6d4b" outcome="Passed" testListId="8c84fa94-04c1-424b-9868-57a2d4851a1d" relativeResultsDirectory="372725f2-bbb2-49da-9219-db69ee695b58" />
    <UnitTestResult executionId="7955ffab-b5a4-4714-a1a1-7953eeff5363" testId="968b12b3-a929-c7b2-cc38-1d0921015ca2" testName="Aurelian.Spatial2D.Tests.SpatialWorld2DTests.DiagonalMoveSlidesAlongWall" computerName="DESKTOP-AKFI9N2" duration="00:00:00.0000998" startTime="2026-10-04T13:26:29.8328221-07:00" endTime="2026-10-04T13:26:29.8328447-07:00" testType="13cdc9d9-ddb5-4fa4-a97d-d965ccfc6d4b" outcome="Passed" testListId="8c84fa94-04c1-424b-9868-57a2d4851a1d" relativeResultsDirectory="7955ffab-b5a4-4714-a1a1-7953eeff5363" />
    <UnitTestResult executionId="af9ec43e-f0de-4555-afec-5556c94172b7" testId="74aae43c-728e-c9b3-3dc6-4c51ff1ee360" testName="Aurelian.Spatial2D.Tests.SpatialWorld2DTests.TriggerVolumesNeverBlockSweep" computerName="DESKTOP-AKFI9N2" duration="00:00:00.0002831" startTime="2026-10-04T13:26:29.8327473-07:00" endTime="2026-10-04T13:26:29.8327682-07:00" testType="13cdc9d9-ddb5-4fa4-a97d-d965ccfc6d4b" outcome="Passed" testListId="8c84fa94-04c1-424b-9868-57a2d4851a1d" relativeResultsDirectory="af9ec43e-f0de-4555-afec-5556c94172b7" />
    <UnitTestResult executionId="55fb5da8-f80d-41f0-8084-6bedfd425397" testId="0b17d3df-7d8b-8d9f-10e1-7697bf5f9bc5" testName="Aurelian.Spatial2D.Tests.SpatialWorld2DTests.AabbOverlapReturnsStableDistanceThenIdOrder" computerName="DESKTOP-AKFI9N2" duration="00:00:00.0002574" startTime="2026-10-04T13:26:29.8329005-07:00" endTime="2026-10-04T13:26:29.8329271-07:00" testType="13cdc9d9-ddb5-4fa4-a97d-d965ccfc6d4b" outcome="Passed" testListId="8c84fa94-04c1-424b-9868-57a2d4851a1d" relativeResultsDirectory="55fb5da8-f80d-41f0-8084-6bedfd425397" />
    <UnitTestResult executionId="c05bedc1-d815-4cb8-961e-a903c7c0dfaa" testId="6de6d459-e53b-ca06-994b-8ec3a63af8b7" testName="Aurelian.Spatial2D.Tests.SpatialWorld2DTests.CircleAabbOverlapHandlesCornerDistance" computerName="DESKTOP-AKFI9N2" duration="00:00:00.0103483" startTime="2026-10-04T13:26:29.7719118-07:00" endTime="2026-10-04T13:26:29.7862278-07:00" testType="13cdc9d9-ddb5-4fa4-a97d-d965ccfc6d4b" outcome="Passed" testListId="8c84fa94-04c1-424b-9868-57a2d4851a1d" relativeResultsDirectory="c05bedc1-d815-4cb8-961e-a903c7c0dfaa" />
    <UnitTestResult executionId="dc3284c8-457e-4afc-bf97-3a337dcf1a1a" testId="e39685eb-facf-c0fb-3b13-39683a75750d" testName="Aurelian.Spatial2D.Tests.SpatialWorld2DTests.InvalidShapesAndNonFiniteInputsAreRejected" computerName="DESKTOP-AKFI9N2" duration="00:00:00.0006091" startTime="2026-10-04T13:26:29.8308221-07:00" endTime="2026-10-04T13:26:29.8308606-07:00" testType="13cdc9d9-ddb5-4fa4-a97d-d965ccfc6d4b" outcome="Passed" testListId="8c84fa94-04c1-424b-9868-57a2d4851a1d" relativeResultsDirectory="dc3284c8-457e-4afc-bf97-3a337dcf1a1a" />
    <UnitTestResult executionId="a313db9d-9fc2-438f-81d5-d383bae694ad" testId="e4fb83ed-84a1-c465-aa76-4117bfa7155c" testName="Aurelian.Spatial2D.Tests.SpatialWorld2DTests.InnerCornerReportsBothEqualTimeContactsAndStops" computerName="DESKTOP-AKFI9N2" duration="00:00:00.0015483" startTime="2026-10-04T13:26:29.8325736-07:00" endTime="2026-10-04T13:26:29.8326032-07:00" testType="13cdc9d9-ddb5-4fa4-a97d-d965ccfc6d4b" outcome="Passed" testListId="8c84fa94-04c1-424b-9868-57a2d4851a1d" relativeResultsDirectory="a313db9d-9fc2-438f-81d5-d383bae694ad" />
    <UnitTestResult executionId="5984d49f-7fc9-429a-a4d8-e1f1c5367c09" testId="76ad7fc4-bc88-ec84-c316-56c935941ea3" testName="Aurelian.Spatial2D.Tests.SpatialWorld2DTests.AabbSweepStopsAtFirstContact" computerName="DESKTOP-AKFI9N2" duration="00:00:00.0015223" startTime="2026-10-04T13:26:29.8050349-07:00" endTime="2026-10-04T13:26:29.8065292-07:00" testType="13cdc9d9-ddb5-4fa4-a97d-d965ccfc6d4b" outcome="Passed" testListId="8c84fa94-04c1-424b-9868-57a2d4851a1d" relativeResultsDirectory="5984d49f-7fc9-429a-a4d8-e1f1c5367c09" />
    <UnitTestResult executionId="325197f2-a764-4f9b-999a-97ee673056e3" testId="46f8edd9-285b-ac58-2a3c-cfd69d3b60e2" testName="Aurelian.Spatial2D.Tests.SpatialWorld2DTests.ColliderMaskCanRejectAQueryLayer" computerName="DESKTOP-AKFI9N2" duration="00:00:00.0002116" startTime="2026-10-04T13:26:29.8314331-07:00" endTime="2026-10-04T13:26:29.8314582-07:00" testType="13cdc9d9-ddb5-4fa4-a97d-d965ccfc6d4b" outcome="Passed" testListId="8c84fa94-04c1-424b-9868-57a2d4851a1d" relativeResultsDirectory="325197f2-a764-4f9b-999a-97ee673056e3" />
    <UnitTestResult executionId="a37172a3-d2bc-4856-8357-58819b47a895" testId="525e2a29-effd-68bd-bfe7-470410285ec1" testName="Aurelian.Spatial2D.Tests.SpatialWorld2DTests.CrossingTriggerBoundaryProducesEnteredStayedExitedSequence" computerName="DESKTOP-AKFI9N2" duration="00:00:00.0016565" startTime="2026-10-04T13:26:29.8331156-07:00" endTime="2026-10-04T13:26:29.8346656-07:00" testType="13cdc9d9-ddb5-4fa4-a97d-d965ccfc6d4b" outcome="Passed" testListId="8c84fa94-04c1-424b-9868-57a2d4851a1d" relativeResultsDirectory="a37172a3-d2bc-4856-8357-58819b47a895" />
    <UnitTestResult executionId="b80eb97a-6379-450d-a580-72b2931fd4b3" testId="514b12a0-c2b4-5fa7-93f7-ea4d2bc23376" testName="Aurelian.Spatial2D.Tests.SpatialWorld2DTests.NarrowPassageAcceptsCenteredActor" computerName="DESKTOP-AKFI9N2" duration="00:00:00.0002012" startTime="2026-10-04T13:26:29.8329762-07:00" endTime="2026-10-04T13:26:29.8329975-07:00" testType="13cdc9d9-ddb5-4fa4-a97d-d965ccfc6d4b" outcome="Passed" testListId="8c84fa94-04c1-424b-9868-57a2d4851a1d" relativeResultsDirectory="b80eb97a-6379-450d-a580-72b2931fd4b3" />
    <UnitTestResult executionId="e5f9f1e1-9cd4-4c60-9359-9a21c36f4ec4" testId="2f21fe38-3880-c23a-ca22-2c3f1af0f0cf" testName="Aurelian.Spatial2D.Tests.SpatialWorld2DTests.TriggerDiffProducesEnteredStayedExitedInStableOrder" computerName="DESKTOP-AKFI9N2" duration="00:00:00.0064125" startTime="2026-10-04T13:26:29.8330463-07:00" endTime="2026-10-04T13:26:29.8330661-07:00" testType="13cdc9d9-ddb5-4fa4-a97d-d965ccfc6d4b" outcome="Passed" testListId="8c84fa94-04c1-424b-9868-57a2d4851a1d" relativeResultsDirectory="e5f9f1e1-9cd4-4c60-9359-9a21c36f4ec4" />
    <UnitTestResult executionId="fea83e07-e262-4d0d-9422-e28c71901140" testId="fdd60b3a-24d4-b8f5-0196-54cde7388028" testName="Aurelian.Spatial2D.Tests.SpatialWorld2DTests.EqualTimeOfImpactUsesStableColliderId" computerName="DESKTOP-AKFI9N2" duration="00:00:00.0001680" startTime="2026-10-04T13:26:29.8312810-07:00" endTime="2026-10-04T13:26:29.8313032-07:00" testType="13cdc9d9-ddb5-4fa4-a97d-d965ccfc6d4b" outcome="Passed" testListId="8c84fa94-04c1-424b-9868-57a2d4851a1d" relativeResultsDirectory="fea83e07-e262-4d0d-9422-e28c71901140" />
    <UnitTestResult executionId="3e6d19cc-d7db-4e13-bab9-0eb839158ac2" testId="f0a74644-facb-af21-ebaa-378067e0dd9e" testName="Aurelian.Spatial2D.Tests.SpatialWorld2DTests.DebugFactsCarrySweepContactNormalAndStableColliderId" computerName="DESKTOP-AKFI9N2" duration="00:00:00.0055150" startTime="2026-10-04T13:26:29.8311237-07:00" endTime="2026-10-04T13:26:29.8311494-07:00" testType="13cdc9d9-ddb5-4fa4-a97d-d965ccfc6d4b" outcome="Passed" testListId="8c84fa94-04c1-424b-9868-57a2d4851a1d" relativeResultsDirectory="3e6d19cc-d7db-4e13-bab9-0eb839158ac2" />
    <UnitTestResult executionId="518b84a3-9120-43ad-aaac-2f9a8971cc45" testId="baf9ec0d-6df3-c9ea-f94e-5f0d1ee3d2fc" testName="Aurelian.Spatial2D.Tests.SpatialWorld2DTests.CircleCircleOverlapQualifiesTouching" computerName="DESKTOP-AKFI9N2" duration="00:00:00.0001250" startTime="2026-10-04T13:26:29.8311987-07:00" endTime="2026-10-04T13:26:29.8312219-07:00" testType="13cdc9d9-ddb5-4fa4-a97d-d965ccfc6d4b" outcome="Passed" testListId="8c84fa94-04c1-424b-9868-57a2d4851a1d" relativeResultsDirectory="518b84a3-9120-43ad-aaac-2f9a8971cc45" />
  </Results>
  <TestDefinitions>
    <UnitTest name="Aurelian.Spatial2D.Tests.SpatialWorld2DTests.TransientActorVolumeCanBeQueriedWithoutWorldMutation" storage="c:\users\yuech\source\repos\copeland\tests\aurelian\aurelian.spatial2d.tests\bin\release\net10.0\aurelian.spatial2d.tests.dll" id="8122e09e-17ba-c3e5-be11-83437861dd85">
      <Execution id="ef98ef99-7589-47c4-aed1-8f0710fcc0c1" />
      <TestMethod codeBase="C:\Users\yuech\source\repos\Copeland\tests\Aurelian\Aurelian.Spatial2D.Tests\bin\Release\net10.0\Aurelian.Spatial2D.Tests.dll" adapterTypeName="executor://xunit/VsTestRunner3/netcore/" className="Aurelian.Spatial2D.Tests.SpatialWorld2DTests" name="TransientActorVolumeCanBeQueriedWithoutWorldMutation" />
    </UnitTest>
    <UnitTest name="Aurelian.Spatial2D.Tests.SpatialWorld2DTests.LayerFilterIsTypedAndEngineNeutral" storage="c:\users\yuech\source\repos\copeland\tests\aurelian\aurelian.spatial2d.tests\bin\release\net10.0\aurelian.spatial2d.tests.dll" id="7ed5ef3a-16f5-9dce-28fe-e7a50c281daa">
      <Execution id="014f2dba-0c4c-4f0b-b18a-23937dab3f38" />
      <TestMethod codeBase="C:\Users\yuech\source\repos\Copeland\tests\Aurelian\Aurelian.Spatial2D.Tests\bin\Release\net10.0\Aurelian.Spatial2D.Tests.dll" adapterTypeName="executor://xunit/VsTestRunner3/netcore/" className="Aurelian.Spatial2D.Tests.SpatialWorld2DTests" name="LayerFilterIsTypedAndEngineNeutral" />
    </UnitTest>
    <UnitTest name="Aurelian.Spatial2D.Tests.SpatialWorld2DTests.EqualTimeOfImpactUsesStableColliderId" storage="c:\users\yuech\source\repos\copeland\tests\aurelian\aurelian.spatial2d.tests\bin\release\net10.0\aurelian.spatial2d.tests.dll" id="fdd60b3a-24d4-b8f5-0196-54cde7388028">
      <Execution id="fea83e07-e262-4d0d-9422-e28c71901140" />
      <TestMethod codeBase="C:\Users\yuech\source\repos\Copeland\tests\Aurelian\Aurelian.Spatial2D.Tests\bin\Release\net10.0\Aurelian.Spatial2D.Tests.dll" adapterTypeName="executor://xunit/VsTestRunner3/netcore/" className="Aurelian.Spatial2D.Tests.SpatialWorld2DTests" name="EqualTimeOfImpactUsesStableColliderId" />
    </UnitTest>
    <UnitTest name="Aurelian.Spatial2D.Tests.SpatialWorld2DTests.ThousandStepReplayHasExactContactAndPositionParity" storage="c:\users\yuech\source\repos\copeland\tests\aurelian\aurelian.spatial2d.tests\bin\release\net10.0\aurelian.spatial2d.tests.dll" id="09c5a63a-0fbc-84cb-132f-2e1a6aae30f1">
      <Execution id="2cb9cbd2-fa22-4d59-80bd-aa567a6e9573" />
      <TestMethod codeBase="C:\Users\yuech\source\repos\Copeland\tests\Aurelian\Aurelian.Spatial2D.Tests\bin\Release\net10.0\Aurelian.Spatial2D.Tests.dll" adapterTypeName="executor://xunit/VsTestRunner3/netcore/" className="Aurelian.Spatial2D.Tests.SpatialWorld2DTests" name="ThousandStepReplayHasExactContactAndPositionParity" />
    </UnitTest>
    <UnitTest name="Aurelian.Spatial2D.Tests.SpatialWorld2DTests.InnerCornerReportsBothEqualTimeContactsAndStops" storage="c:\users\yuech\source\repos\copeland\tests\aurelian\aurelian.spatial2d.tests\bin\release\net10.0\aurelian.spatial2d.tests.dll" id="e4fb83ed-84a1-c465-aa76-4117bfa7155c">
      <Execution id="a313db9d-9fc2-438f-81d5-d383bae694ad" />
      <TestMethod codeBase="C:\Users\yuech\source\repos\Copeland\tests\Aurelian\Aurelian.Spatial2D.Tests\bin\Release\net10.0\Aurelian.Spatial2D.Tests.dll" adapterTypeName="executor://xunit/VsTestRunner3/netcore/" className="Aurelian.Spatial2D.Tests.SpatialWorld2DTests" name="InnerCornerReportsBothEqualTimeContactsAndStops" />
    </UnitTest>
    <UnitTest name="Aurelian.Spatial2D.Tests.SpatialWorld2DTests.OuterCornerPreservesTangentMotion" storage="c:\users\yuech\source\repos\copeland\tests\aurelian\aurelian.spatial2d.tests\bin\release\net10.0\aurelian.spatial2d.tests.dll" id="0bc33e24-1bb0-3773-b982-df037799dc44">
      <Execution id="5f2789de-c1b5-448e-b48e-fdf431a28da3" />
      <TestMethod codeBase="C:\Users\yuech\source\repos\Copeland\tests\Aurelian\Aurelian.Spatial2D.Tests\bin\Release\net10.0\Aurelian.Spatial2D.Tests.dll" adapterTypeName="executor://xunit/VsTestRunner3/netcore/" className="Aurelian.Spatial2D.Tests.SpatialWorld2DTests" name="OuterCornerPreservesTangentMotion" />
    </UnitTest>
    <UnitTest name="Aurelian.Spatial2D.Tests.SpatialWorld2DTests.AttackAndPickupProofsReturnCandidatesNotGameplayCallbacks" storage="c:\users\yuech\source\repos\copeland\tests\aurelian\aurelian.spatial2d.tests\bin\release\net10.0\aurelian.spatial2d.tests.dll" id="010abf6c-fe62-598e-ab66-7edba05f65bb">
      <Execution id="9dc79004-91c3-4b65-8627-df0aa05d43ae" />
      <TestMethod codeBase="C:\Users\yuech\source\repos\Copeland\tests\Aurelian\Aurelian.Spatial2D.Tests\bin\Release\net10.0\Aurelian.Spatial2D.Tests.dll" adapterTypeName="executor://xunit/VsTestRunner3/netcore/" className="Aurelian.Spatial2D.Tests.SpatialWorld2DTests" name="AttackAndPickupProofsReturnCandidatesNotGameplayCallbacks" />
    </UnitTest>
    <UnitTest name="Aurelian.Spatial2D.Tests.SpatialWorld2DTests.AabbSweepStopsAtFirstContact" storage="c:\users\yuech\source\repos\copeland\tests\aurelian\aurelian.spatial2d.tests\bin\release\net10.0\aurelian.spatial2d.tests.dll" id="76ad7fc4-bc88-ec84-c316-56c935941ea3">
      <Execution id="5984d49f-7fc9-429a-a4d8-e1f1c5367c09" />
      <TestMethod codeBase="C:\Users\yuech\source\repos\Copeland\tests\Aurelian\Aurelian.Spatial2D.Tests\bin\Release\net10.0\Aurelian.Spatial2D.Tests.dll" adapterTypeName="executor://xunit/VsTestRunner3/netcore/" className="Aurelian.Spatial2D.Tests.SpatialWorld2DTests" name="AabbSweepStopsAtFirstContact" />
    </UnitTest>
    <UnitTest name="Aurelian.Spatial2D.Tests.SpatialWorld2DTests.CrossingTriggerBoundaryProducesEnteredStayedExitedSequence" storage="c:\users\yuech\source\repos\copeland\tests\aurelian\aurelian.spatial2d.tests\bin\release\net10.0\aurelian.spatial2d.tests.dll" id="525e2a29-effd-68bd-bfe7-470410285ec1">
      <Execution id="a37172a3-d2bc-4856-8357-58819b47a895" />
      <TestMethod codeBase="C:\Users\yuech\source\repos\Copeland\tests\Aurelian\Aurelian.Spatial2D.Tests\bin\Release\net10.0\Aurelian.Spatial2D.Tests.dll" adapterTypeName="executor://xunit/VsTestRunner3/netcore/" className="Aurelian.Spatial2D.Tests.SpatialWorld2DTests" name="CrossingTriggerBoundaryProducesEnteredStayedExitedSequence" />
    </UnitTest>
    <UnitTest name="Aurelian.Spatial2D.Tests.SpatialWorld2DTests.NarrowPassageAcceptsCenteredActor" storage="c:\users\yuech\source\repos\copeland\tests\aurelian\aurelian.spatial2d.tests\bin\release\net10.0\aurelian.spatial2d.tests.dll" id="514b12a0-c2b4-5fa7-93f7-ea4d2bc23376">
      <Execution id="b80eb97a-6379-450d-a580-72b2931fd4b3" />
      <TestMethod codeBase="C:\Users\yuech\source\repos\Copeland\tests\Aurelian\Aurelian.Spatial2D.Tests\bin\Release\net10.0\Aurelian.Spatial2D.Tests.dll" adapterTypeName="executor://xunit/VsTestRunner3/netcore/" className="Aurelian.Spatial2D.Tests.SpatialWorld2DTests" name="NarrowPassageAcceptsCenteredActor" />
    </UnitTest>
    <UnitTest name="Aurelian.Spatial2D.Tests.SpatialWorld2DTests.AabbOverlapReturnsStableDistanceThenIdOrder" storage="c:\users\yuech\source\repos\copeland\tests\aurelian\aurelian.spatial2d.tests\bin\release\net10.0\aurelian.spatial2d.tests.dll" id="0b17d3df-7d8b-8d9f-10e1-7697bf5f9bc5">
      <Execution id="55fb5da8-f80d-41f0-8084-6bedfd425397" />
      <TestMethod codeBase="C:\Users\yuech\source\repos\Copeland\tests\Aurelian\Aurelian.Spatial2D.Tests\bin\Release\net10.0\Aurelian.Spatial2D.Tests.dll" adapterTypeName="executor://xunit/VsTestRunner3/netcore/" className="Aurelian.Spatial2D.Tests.SpatialWorld2DTests" name="AabbOverlapReturnsStableDistanceThenIdOrder" />
    </UnitTest>
    <UnitTest name="Aurelian.Spatial2D.Tests.SpatialWorld2DTests.ColliderMaskCanRejectAQueryLayer" storage="c:\users\yuech\source\repos\copeland\tests\aurelian\aurelian.spatial2d.tests\bin\release\net10.0\aurelian.spatial2d.tests.dll" id="46f8edd9-285b-ac58-2a3c-cfd69d3b60e2">
      <Execution id="325197f2-a764-4f9b-999a-97ee673056e3" />
      <TestMethod codeBase="C:\Users\yuech\source\repos\Copeland\tests\Aurelian\Aurelian.Spatial2D.Tests\bin\Release\net10.0\Aurelian.Spatial2D.Tests.dll" adapterTypeName="executor://xunit/VsTestRunner3/netcore/" className="Aurelian.Spatial2D.Tests.SpatialWorld2DTests" name="ColliderMaskCanRejectAQueryLayer" />
    </UnitTest>
    <UnitTest name="Aurelian.Spatial2D.Tests.SpatialWorld2DTests.TriggerDiffProducesEnteredStayedExitedInStableOrder" storage="c:\users\yuech\source\repos\copeland\tests\aurelian\aurelian.spatial2d.tests\bin\release\net10.0\aurelian.spatial2d.tests.dll" id="2f21fe38-3880-c23a-ca22-2c3f1af0f0cf">
      <Execution id="e5f9f1e1-9cd4-4c60-9359-9a21c36f4ec4" />
      <TestMethod codeBase="C:\Users\yuech\source\repos\Copeland\tests\Aurelian\Aurelian.Spatial2D.Tests\bin\Release\net10.0\Aurelian.Spatial2D.Tests.dll" adapterTypeName="executor://xunit/VsTestRunner3/netcore/" className="Aurelian.Spatial2D.Tests.SpatialWorld2DTests" name="TriggerDiffProducesEnteredStayedExitedInStableOrder" />
    </UnitTest>
    <UnitTest name="Aurelian.Spatial2D.Tests.SpatialWorld2DTests.DiagonalMoveSlidesAlongWall" storage="c:\users\yuech\source\repos\copeland\tests\aurelian\aurelian.spatial2d.tests\bin\release\net10.0\aurelian.spatial2d.tests.dll" id="968b12b3-a929-c7b2-cc38-1d0921015ca2">
      <Execution id="7955ffab-b5a4-4714-a1a1-7953eeff5363" />
      <TestMethod codeBase="C:\Users\yuech\source\repos\Copeland\tests\Aurelian\Aurelian.Spatial2D.Tests\bin\Release\net10.0\Aurelian.Spatial2D.Tests.dll" adapterTypeName="executor://xunit/VsTestRunner3/netcore/" className="Aurelian.Spatial2D.Tests.SpatialWorld2DTests" name="DiagonalMoveSlidesAlongWall" />
    </UnitTest>
    <UnitTest name="Aurelian.Spatial2D.Tests.SpatialWorld2DTests.ZeroDisplacementIsNoOpWithoutFakeHit" storage="c:\users\yuech\source\repos\copeland\tests\aurelian\aurelian.spatial2d.tests\bin\release\net10.0\aurelian.spatial2d.tests.dll" id="930c0b7d-a763-ae7a-4e4d-860232235713">
      <Execution id="1da0c208-1817-40e6-8d02-c972ee6d7bbd" />
      <TestMethod codeBase="C:\Users\yuech\source\repos\Copeland\tests\Aurelian\Aurelian.Spatial2D.Tests\bin\Release\net10.0\Aurelian.Spatial2D.Tests.dll" adapterTypeName="executor://xunit/VsTestRunner3/netcore/" className="Aurelian.Spatial2D.Tests.SpatialWorld2DTests" name="ZeroDisplacementIsNoOpWithoutFakeHit" />
    </UnitTest>
    <UnitTest name="Aurelian.Spatial2D.Tests.SpatialWorld2DTests.LargeDisplacementCannotTunnelThroughThinWall" storage="c:\users\yuech\source\repos\copeland\tests\aurelian\aurelian.spatial2d.tests\bin\release\net10.0\aurelian.spatial2d.tests.dll" id="3e40ada1-7287-5f7b-4f8d-f5d24424fdba">
      <Execution id="75cae5fc-7e7d-46fa-b950-97012e25ef20" />
      <TestMethod codeBase="C:\Users\yuech\source\repos\Copeland\tests\Aurelian\Aurelian.Spatial2D.Tests\bin\Release\net10.0\Aurelian.Spatial2D.Tests.dll" adapterTypeName="executor://xunit/VsTestRunner3/netcore/" className="Aurelian.Spatial2D.Tests.SpatialWorld2DTests" name="LargeDisplacementCannotTunnelThroughThinWall" />
    </UnitTest>
    <UnitTest name="Aurelian.Spatial2D.Tests.SpatialWorld2DTests.CircleSweepStopsAtRoundedAabbCorner" storage="c:\users\yuech\source\repos\copeland\tests\aurelian\aurelian.spatial2d.tests\bin\release\net10.0\aurelian.spatial2d.tests.dll" id="e021cb12-e442-55f8-924f-ed69a7d89575">
      <Execution id="372725f2-bbb2-49da-9219-db69ee695b58" />
      <TestMethod codeBase="C:\Users\yuech\source\repos\Copeland\tests\Aurelian\Aurelian.Spatial2D.Tests\bin\Release\net10.0\Aurelian.Spatial2D.Tests.dll" adapterTypeName="executor://xunit/VsTestRunner3/netcore/" className="Aurelian.Spatial2D.Tests.SpatialWorld2DTests" name="CircleSweepStopsAtRoundedAabbCorner" />
    </UnitTest>
    <UnitTest name="Aurelian.Spatial2D.Tests.SpatialWorld2DTests.CircleCircleOverlapQualifiesTouching" storage="c:\users\yuech\source\repos\copeland\tests\aurelian\aurelian.spatial2d.tests\bin\release\net10.0\aurelian.spatial2d.tests.dll" id="baf9ec0d-6df3-c9ea-f94e-5f0d1ee3d2fc">
      <Execution id="518b84a3-9120-43ad-aaac-2f9a8971cc45" />
      <TestMethod codeBase="C:\Users\yuech\source\repos\Copeland\tests\Aurelian\Aurelian.Spatial2D.Tests\bin\Release\net10.0\Aurelian.Spatial2D.Tests.dll" adapterTypeName="executor://xunit/VsTestRunner3/netcore/" className="Aurelian.Spatial2D.Tests.SpatialWorld2DTests" name="CircleCircleOverlapQualifiesTouching" />
    </UnitTest>
    <UnitTest name="Aurelian.Spatial2D.Tests.SpatialWorld2DTests.PointQueryUsesStableOrdering" storage="c:\users\yuech\source\repos\copeland\tests\aurelian\aurelian.spatial2d.tests\bin\release\net10.0\aurelian.spatial2d.tests.dll" id="ee7ad58d-a526-f547-e36e-bae9e70b2343">
      <Execution id="f0f8af07-88fc-47af-a728-14d94357a09f" />
      <TestMethod codeBase="C:\Users\yuech\source\repos\Copeland\tests\Aurelian\Aurelian.Spatial2D.Tests\bin\Release\net10.0\Aurelian.Spatial2D.Tests.dll" adapterTypeName="executor://xunit/VsTestRunner3/netcore/" className="Aurelian.Spatial2D.Tests.SpatialWorld2DTests" name="PointQueryUsesStableOrdering" />
    </UnitTest>
    <UnitTest name="Aurelian.Spatial2D.Tests.SpatialWorld2DTests.KnockbackUsesTheSameCollisionSafeDisplacementLaw" storage="c:\users\yuech\source\repos\copeland\tests\aurelian\aurelian.spatial2d.tests\bin\release\net10.0\aurelian.spatial2d.tests.dll" id="3bb55a23-0e36-79d6-9b2f-3544f2704552">
      <Execution id="47150b91-59c6-4fb0-8afd-65594cd07747" />
      <TestMethod codeBase="C:\Users\yuech\source\repos\Copeland\tests\Aurelian\Aurelian.Spatial2D.Tests\bin\Release\net10.0\Aurelian.Spatial2D.Tests.dll" adapterTypeName="executor://xunit/VsTestRunner3/netcore/" className="Aurelian.Spatial2D.Tests.SpatialWorld2DTests" name="KnockbackUsesTheSameCollisionSafeDisplacementLaw" />
    </UnitTest>
    <UnitTest name="Aurelian.Spatial2D.Tests.SpatialWorld2DTests.CircleSweepAgainstCircleIsContinuous" storage="c:\users\yuech\source\repos\copeland\tests\aurelian\aurelian.spatial2d.tests\bin\release\net10.0\aurelian.spatial2d.tests.dll" id="3ab8f65d-3626-032a-5ef1-6f4ff6d43f1b">
      <Execution id="07e675cf-721e-4f96-b6a4-147a1e2faf42" />
      <TestMethod codeBase="C:\Users\yuech\source\repos\Copeland\tests\Aurelian\Aurelian.Spatial2D.Tests\bin\Release\net10.0\Aurelian.Spatial2D.Tests.dll" adapterTypeName="executor://xunit/VsTestRunner3/netcore/" className="Aurelian.Spatial2D.Tests.SpatialWorld2DTests" name="CircleSweepAgainstCircleIsContinuous" />
    </UnitTest>
    <UnitTest name="Aurelian.Spatial2D.Tests.SpatialWorld2DTests.TriggerVolumesNeverBlockSweep" storage="c:\users\yuech\source\repos\copeland\tests\aurelian\aurelian.spatial2d.tests\bin\release\net10.0\aurelian.spatial2d.tests.dll" id="74aae43c-728e-c9b3-3dc6-4c51ff1ee360">
      <Execution id="af9ec43e-f0de-4555-afec-5556c94172b7" />
      <TestMethod codeBase="C:\Users\yuech\source\repos\Copeland\tests\Aurelian\Aurelian.Spatial2D.Tests\bin\Release\net10.0\Aurelian.Spatial2D.Tests.dll" adapterTypeName="executor://xunit/VsTestRunner3/netcore/" className="Aurelian.Spatial2D.Tests.SpatialWorld2DTests" name="TriggerVolumesNeverBlockSweep" />
    </UnitTest>
    <UnitTest name="Aurelian.Spatial2D.Tests.SpatialWorld2DTests.TileAuthoringLowersOnceToWorldSpaceAabb" storage="c:\users\yuech\source\repos\copeland\tests\aurelian\aurelian.spatial2d.tests\bin\release\net10.0\aurelian.spatial2d.tests.dll" id="5f870ff2-1532-655a-df17-2519e47ca6ba">
      <Execution id="7a2e33cb-0642-4bb1-8c81-bec8190e6341" />
      <TestMethod codeBase="C:\Users\yuech\source\repos\Copeland\tests\Aurelian\Aurelian.Spatial2D.Tests\bin\Release\net10.0\Aurelian.Spatial2D.Tests.dll" adapterTypeName="executor://xunit/VsTestRunner3/netcore/" className="Aurelian.Spatial2D.Tests.SpatialWorld2DTests" name="TileAuthoringLowersOnceToWorldSpaceAabb" />
    </UnitTest>
    <UnitTest name="Aurelian.Spatial2D.Tests.SpatialWorld2DTests.CircleAabbOverlapHandlesCornerDistance" storage="c:\users\yuech\source\repos\copeland\tests\aurelian\aurelian.spatial2d.tests\bin\release\net10.0\aurelian.spatial2d.tests.dll" id="6de6d459-e53b-ca06-994b-8ec3a63af8b7">
      <Execution id="c05bedc1-d815-4cb8-961e-a903c7c0dfaa" />
      <TestMethod codeBase="C:\Users\yuech\source\repos\Copeland\tests\Aurelian\Aurelian.Spatial2D.Tests\bin\Release\net10.0\Aurelian.Spatial2D.Tests.dll" adapterTypeName="executor://xunit/VsTestRunner3/netcore/" className="Aurelian.Spatial2D.Tests.SpatialWorld2DTests" name="CircleAabbOverlapHandlesCornerDistance" />
    </UnitTest>
    <UnitTest name="Aurelian.Spatial2D.Tests.SpatialWorld2DTests.InvalidShapesAndNonFiniteInputsAreRejected" storage="c:\users\yuech\source\repos\copeland\tests\aurelian\aurelian.spatial2d.tests\bin\release\net10.0\aurelian.spatial2d.tests.dll" id="e39685eb-facf-c0fb-3b13-39683a75750d">
      <Execution id="dc3284c8-457e-4afc-bf97-3a337dcf1a1a" />
      <TestMethod codeBase="C:\Users\yuech\source\repos\Copeland\tests\Aurelian\Aurelian.Spatial2D.Tests\bin\Release\net10.0\Aurelian.Spatial2D.Tests.dll" adapterTypeName="executor://xunit/VsTestRunner3/netcore/" className="Aurelian.Spatial2D.Tests.SpatialWorld2DTests" name="InvalidShapesAndNonFiniteInputsAreRejected" />
    </UnitTest>
    <UnitTest name="Aurelian.Spatial2D.Tests.SpatialWorld2DTests.DebugFactsCarrySweepContactNormalAndStableColliderId" storage="c:\users\yuech\source\repos\copeland\tests\aurelian\aurelian.spatial2d.tests\bin\release\net10.0\aurelian.spatial2d.tests.dll" id="f0a74644-facb-af21-ebaa-378067e0dd9e">
      <Execution id="3e6d19cc-d7db-4e13-bab9-0eb839158ac2" />
      <TestMethod codeBase="C:\Users\yuech\source\repos\Copeland\tests\Aurelian\Aurelian.Spatial2D.Tests\bin\Release\net10.0\Aurelian.Spatial2D.Tests.dll" adapterTypeName="executor://xunit/VsTestRunner3/netcore/" className="Aurelian.Spatial2D.Tests.SpatialWorld2DTests" name="DebugFactsCarrySweepContactNormalAndStableColliderId" />
    </UnitTest>
    <UnitTest name="Aurelian.Spatial2D.Tests.SpatialWorld2DTests.InitialPenetrationIsReportedWithoutDepenetration" storage="c:\users\yuech\source\repos\copeland\tests\aurelian\aurelian.spatial2d.tests\bin\release\net10.0\aurelian.spatial2d.tests.dll" id="c55f30da-0568-d1ca-2192-d59f38f7a36f">
      <Execution id="27bd7373-3938-448d-a538-58bc8bc58b8b" />
      <TestMethod codeBase="C:\Users\yuech\source\repos\Copeland\tests\Aurelian\Aurelian.Spatial2D.Tests\bin\Release\net10.0\Aurelian.Spatial2D.Tests.dll" adapterTypeName="executor://xunit/VsTestRunner3/netcore/" className="Aurelian.Spatial2D.Tests.SpatialWorld2DTests" name="InitialPenetrationIsReportedWithoutDepenetration" />
    </UnitTest>
  </TestDefinitions>
  <TestEntries>
    <TestEntry testId="8122e09e-17ba-c3e5-be11-83437861dd85" executionId="ef98ef99-7589-47c4-aed1-8f0710fcc0c1" testListId="8c84fa94-04c1-424b-9868-57a2d4851a1d" />
    <TestEntry testId="ee7ad58d-a526-f547-e36e-bae9e70b2343" executionId="f0f8af07-88fc-47af-a728-14d94357a09f" testListId="8c84fa94-04c1-424b-9868-57a2d4851a1d" />
    <TestEntry testId="0bc33e24-1bb0-3773-b982-df037799dc44" executionId="5f2789de-c1b5-448e-b48e-fdf431a28da3" testListId="8c84fa94-04c1-424b-9868-57a2d4851a1d" />
    <TestEntry testId="3bb55a23-0e36-79d6-9b2f-3544f2704552" executionId="47150b91-59c6-4fb0-8afd-65594cd07747" testListId="8c84fa94-04c1-424b-9868-57a2d4851a1d" />
    <TestEntry testId="5f870ff2-1532-655a-df17-2519e47ca6ba" executionId="7a2e33cb-0642-4bb1-8c81-bec8190e6341" testListId="8c84fa94-04c1-424b-9868-57a2d4851a1d" />
    <TestEntry testId="930c0b7d-a763-ae7a-4e4d-860232235713" executionId="1da0c208-1817-40e6-8d02-c972ee6d7bbd" testListId="8c84fa94-04c1-424b-9868-57a2d4851a1d" />
    <TestEntry testId="c55f30da-0568-d1ca-2192-d59f38f7a36f" executionId="27bd7373-3938-448d-a538-58bc8bc58b8b" testListId="8c84fa94-04c1-424b-9868-57a2d4851a1d" />
    <TestEntry testId="3e40ada1-7287-5f7b-4f8d-f5d24424fdba" executionId="75cae5fc-7e7d-46fa-b950-97012e25ef20" testListId="8c84fa94-04c1-424b-9868-57a2d4851a1d" />
    <TestEntry testId="3ab8f65d-3626-032a-5ef1-6f4ff6d43f1b" executionId="07e675cf-721e-4f96-b6a4-147a1e2faf42" testListId="8c84fa94-04c1-424b-9868-57a2d4851a1d" />
    <TestEntry testId="010abf6c-fe62-598e-ab66-7edba05f65bb" executionId="9dc79004-91c3-4b65-8627-df0aa05d43ae" testListId="8c84fa94-04c1-424b-9868-57a2d4851a1d" />
    <TestEntry testId="7ed5ef3a-16f5-9dce-28fe-e7a50c281daa" executionId="014f2dba-0c4c-4f0b-b18a-23937dab3f38" testListId="8c84fa94-04c1-424b-9868-57a2d4851a1d" />
    <TestEntry testId="09c5a63a-0fbc-84cb-132f-2e1a6aae30f1" executionId="2cb9cbd2-fa22-4d59-80bd-aa567a6e9573" testListId="8c84fa94-04c1-424b-9868-57a2d4851a1d" />
    <TestEntry testId="e021cb12-e442-55f8-924f-ed69a7d89575" executionId="372725f2-bbb2-49da-9219-db69ee695b58" testListId="8c84fa94-04c1-424b-9868-57a2d4851a1d" />
    <TestEntry testId="968b12b3-a929-c7b2-cc38-1d0921015ca2" executionId="7955ffab-b5a4-4714-a1a1-7953eeff5363" testListId="8c84fa94-04c1-424b-9868-57a2d4851a1d" />
    <TestEntry testId="74aae43c-728e-c9b3-3dc6-4c51ff1ee360" executionId="af9ec43e-f0de-4555-afec-5556c94172b7" testListId="8c84fa94-04c1-424b-9868-57a2d4851a1d" />
    <TestEntry testId="0b17d3df-7d8b-8d9f-10e1-7697bf5f9bc5" executionId="55fb5da8-f80d-41f0-8084-6bedfd425397" testListId="8c84fa94-04c1-424b-9868-57a2d4851a1d" />
    <TestEntry testId="6de6d459-e53b-ca06-994b-8ec3a63af8b7" executionId="c05bedc1-d815-4cb8-961e-a903c7c0dfaa" testListId="8c84fa94-04c1-424b-9868-57a2d4851a1d" />
    <TestEntry testId="e39685eb-facf-c0fb-3b13-39683a75750d" executionId="dc3284c8-457e-4afc-bf97-3a337dcf1a1a" testListId="8c84fa94-04c1-424b-9868-57a2d4851a1d" />
    <TestEntry testId="e4fb83ed-84a1-c465-aa76-4117bfa7155c" executionId="a313db9d-9fc2-438f-81d5-d383bae694ad" testListId="8c84fa94-04c1-424b-9868-57a2d4851a1d" />
    <TestEntry testId="76ad7fc4-bc88-ec84-c316-56c935941ea3" executionId="5984d49f-7fc9-429a-a4d8-e1f1c5367c09" testListId="8c84fa94-04c1-424b-9868-57a2d4851a1d" />
    <TestEntry testId="46f8edd9-285b-ac58-2a3c-cfd69d3b60e2" executionId="325197f2-a764-4f9b-999a-97ee673056e3" testListId="8c84fa94-04c1-424b-9868-57a2d4851a1d" />
    <TestEntry testId="525e2a29-effd-68bd-bfe7-470410285ec1" executionId="a37172a3-d2bc-4856-8357-58819b47a895" testListId="8c84fa94-04c1-424b-9868-57a2d4851a1d" />
    <TestEntry testId="514b12a0-c2b4-5fa7-93f7-ea4d2bc23376" executionId="b80eb97a-6379-450d-a580-72b2931fd4b3" testListId="8c84fa94-04c1-424b-9868-57a2d4851a1d" />
    <TestEntry testId="2f21fe38-3880-c23a-ca22-2c3f1af0f0cf" executionId="e5f9f1e1-9cd4-4c60-9359-9a21c36f4ec4" testListId="8c84fa94-04c1-424b-9868-57a2d4851a1d" />
    <TestEntry testId="fdd60b3a-24d4-b8f5-0196-54cde7388028" executionId="fea83e07-e262-4d0d-9422-e28c71901140" testListId="8c84fa94-04c1-424b-9868-57a2d4851a1d" />
    <TestEntry testId="f0a74644-facb-af21-ebaa-378067e0dd9e" executionId="3e6d19cc-d7db-4e13-bab9-0eb839158ac2" testListId="8c84fa94-04c1-424b-9868-57a2d4851a1d" />
    <TestEntry testId="baf9ec0d-6df3-c9ea-f94e-5f0d1ee3d2fc" executionId="518b84a3-9120-43ad-aaac-2f9a8971cc45" testListId="8c84fa94-04c1-424b-9868-57a2d4851a1d" />
  </TestEntries>
  <TestLists>
    <TestList name="Results Not in a List" id="8c84fa94-04c1-424b-9868-57a2d4851a1d" />
    <TestList name="All Loaded Results" id="19431567-8539-422a-85d7-44ee4e166bda" />
  </TestLists>
  <ResultSummary outcome="Completed">
    <Counters total="27" executed="27" passed="27" failed="0" error="0" timeout="0" aborted="0" inconclusive="0" passedButRunAborted="0" notRunnable="0" notExecuted="0" disconnected="0" warning="0" completed="0" inProgress="0" pending="0" />
    <Output>
      <StdOut>[xUnit.net 00:00:00.00] xUnit.net VSTest Adapter v3.1.5+1b188a7b0a (64-bit .NET 10.0.12)&#xD;
[xUnit.net 00:00:00.05]   Discovering: Aurelian.Spatial2D.Tests&#xD;
[xUnit.net 00:00:00.07]   Discovered:  Aurelian.Spatial2D.Tests&#xD;
[xUnit.net 00:00:00.09]   Starting:    Aurelian.Spatial2D.Tests&#xD;
[xUnit.net 00:00:00.18]   Finished:    Aurelian.Spatial2D.Tests&#xD;
</StdOut>
    </Output>
  </ResultSummary>
</TestRun>