<?xml version="1.0" encoding="utf-8"?>
<TestRun id="7a581242-c9c4-4931-8249-f9cd103e752e" name="yuech@DESKTOP-AKFI9N2 2026-10-04 13:18:16" runUser="DESKTOP-AKFI9N2\yuech" xmlns="http://microsoft.com/schemas/VisualStudio/TeamTest/2010">
  <Times creation="2026-10-04T13:18:16.5079296-07:00" queuing="2026-10-04T13:18:16.5079297-07:00" start="2026-10-04T13:18:15.7152677-07:00" finish="2026-10-04T13:18:16.5434256-07:00" />
  <TestSettings name="default" id="4b94c5d0-8c97-4674-878a-1686cdc89ceb">
    <Deployment runDeploymentRoot="yuech_DESKTOP-AKFI9N2_2026-10-04_13_18_16" />
  </TestSettings>
  <Results>
    <UnitTestResult executionId="e3f92e7d-d303-4bd2-a63f-ef28f4e94b0f" testId="e39685eb-facf-c0fb-3b13-39683a75750d" testName="Aurelian.Spatial2D.Tests.SpatialWorld2DTests.InvalidShapesAndNonFiniteInputsAreRejected" computerName="DESKTOP-AKFI9N2" duration="00:00:00.0006099" startTime="2026-10-04T13:18:16.4891840-07:00" endTime="2026-10-04T13:18:16.4892282-07:00" testType="13cdc9d9-ddb5-4fa4-a97d-d965ccfc6d4b" outcome="Passed" testListId="8c84fa94-04c1-424b-9868-57a2d4851a1d" relativeResultsDirectory="e3f92e7d-d303-4bd2-a63f-ef28f4e94b0f" />
    <UnitTestResult executionId="c183af2c-bba7-4e61-a038-651f336dedc2" testId="0b17d3df-7d8b-8d9f-10e1-7697bf5f9bc5" testName="Aurelian.Spatial2D.Tests.SpatialWorld2DTests.AabbOverlapReturnsStableDistanceThenIdOrder" computerName="DESKTOP-AKFI9N2" duration="00:00:00.0002670" startTime="2026-10-04T13:18:16.4914179-07:00" endTime="2026-10-04T13:18:16.4914396-07:00" testType="13cdc9d9-ddb5-4fa4-a97d-d965ccfc6d4b" outcome="Passed" testListId="8c84fa94-04c1-424b-9868-57a2d4851a1d" relativeResultsDirectory="c183af2c-bba7-4e61-a038-651f336dedc2" />
    <UnitTestResult executionId="fe487884-10ea-476f-a933-7de32ddd0548" testId="46f8edd9-285b-ac58-2a3c-cfd69d3b60e2" testName="Aurelian.Spatial2D.Tests.SpatialWorld2DTests.ColliderMaskCanRejectAQueryLayer" computerName="DESKTOP-AKFI9N2" duration="00:00:00.0002065" startTime="2026-10-04T13:18:16.4898205-07:00" endTime="2026-10-04T13:18:16.4898447-07:00" testType="13cdc9d9-ddb5-4fa4-a97d-d965ccfc6d4b" outcome="Passed" testListId="8c84fa94-04c1-424b-9868-57a2d4851a1d" relativeResultsDirectory="fe487884-10ea-476f-a933-7de32ddd0548" />
    <UnitTestResult executionId="6db1ad63-7a50-4eb8-bb33-e7a413bdd12b" testId="e4fb83ed-84a1-c465-aa76-4117bfa7155c" testName="Aurelian.Spatial2D.Tests.SpatialWorld2DTests.InnerCornerReportsBothEqualTimeContactsAndStops" computerName="DESKTOP-AKFI9N2" duration="00:00:00.0015860" startTime="2026-10-04T13:18:16.4910984-07:00" endTime="2026-10-04T13:18:16.4911286-07:00" testType="13cdc9d9-ddb5-4fa4-a97d-d965ccfc6d4b" outcome="Passed" testListId="8c84fa94-04c1-424b-9868-57a2d4851a1d" relativeResultsDirectory="6db1ad63-7a50-4eb8-bb33-e7a413bdd12b" />
    <UnitTestResult executionId="cdd493f8-a92d-4c27-b429-10147a629f58" testId="3e40ada1-7287-5f7b-4f8d-f5d24424fdba" testName="Aurelian.Spatial2D.Tests.SpatialWorld2DTests.LargeDisplacementCannotTunnelThroughThinWall" computerName="DESKTOP-AKFI9N2" duration="00:00:00.0013236" startTime="2026-10-04T13:18:16.4899758-07:00" endTime="2026-10-04T13:18:16.4900067-07:00" testType="13cdc9d9-ddb5-4fa4-a97d-d965ccfc6d4b" outcome="Passed" testListId="8c84fa94-04c1-424b-9868-57a2d4851a1d" relativeResultsDirectory="cdd493f8-a92d-4c27-b429-10147a629f58" />
    <UnitTestResult executionId="b79f0e86-e7cd-4ca8-b8e9-67a62f70258f" testId="3bb55a23-0e36-79d6-9b2f-3544f2704552" testName="Aurelian.Spatial2D.Tests.SpatialWorld2DTests.KnockbackUsesTheSameCollisionSafeDisplacementLaw" computerName="DESKTOP-AKFI9N2" duration="00:00:00.0002789" startTime="2026-10-04T13:18:16.4898974-07:00" endTime="2026-10-04T13:18:16.4899247-07:00" testType="13cdc9d9-ddb5-4fa4-a97d-d965ccfc6d4b" outcome="Passed" testListId="8c84fa94-04c1-424b-9868-57a2d4851a1d" relativeResultsDirectory="b79f0e86-e7cd-4ca8-b8e9-67a62f70258f" />
    <UnitTestResult executionId="9aa9ccd8-c6af-48f8-9415-ba79882f2b29" testId="7ed5ef3a-16f5-9dce-28fe-e7a50c281daa" testName="Aurelian.Spatial2D.Tests.SpatialWorld2DTests.LayerFilterIsTypedAndEngineNeutral" computerName="DESKTOP-AKFI9N2" duration="00:00:00.0002265" startTime="2026-10-04T13:18:16.4894045-07:00" endTime="2026-10-04T13:18:16.4894300-07:00" testType="13cdc9d9-ddb5-4fa4-a97d-d965ccfc6d4b" outcome="Passed" testListId="8c84fa94-04c1-424b-9868-57a2d4851a1d" relativeResultsDirectory="9aa9ccd8-c6af-48f8-9415-ba79882f2b29" />
    <UnitTestResult executionId="22280df9-3b97-46f3-82ab-d212e06d4b34" testId="6de6d459-e53b-ca06-994b-8ec3a63af8b7" testName="Aurelian.Spatial2D.Tests.SpatialWorld2DTests.CircleAabbOverlapHandlesCornerDistance" computerName="DESKTOP-AKFI9N2" duration="00:00:00.0947443" startTime="2026-10-04T13:18:16.3470293-07:00" endTime="2026-10-04T13:18:16.4465252-07:00" testType="13cdc9d9-ddb5-4fa4-a97d-d965ccfc6d4b" outcome="Passed" testListId="8c84fa94-04c1-424b-9868-57a2d4851a1d" relativeResultsDirectory="22280df9-3b97-46f3-82ab-d212e06d4b34" />
    <UnitTestResult executionId="dd7f3319-bcd6-48bd-b36c-67cd844b8625" testId="3ab8f65d-3626-032a-5ef1-6f4ff6d43f1b" testName="Aurelian.Spatial2D.Tests.SpatialWorld2DTests.CircleSweepAgainstCircleIsContinuous" computerName="DESKTOP-AKFI9N2" duration="00:00:00.0011068" startTime="2026-10-04T13:18:16.4630601-07:00" endTime="2026-10-04T13:18:16.4640578-07:00" testType="13cdc9d9-ddb5-4fa4-a97d-d965ccfc6d4b" outcome="Passed" testListId="8c84fa94-04c1-424b-9868-57a2d4851a1d" relativeResultsDirectory="dd7f3319-bcd6-48bd-b36c-67cd844b8625" />
    <UnitTestResult executionId="bdb93b80-445e-46ae-ad1a-a017dc55d68e" testId="930c0b7d-a763-ae7a-4e4d-860232235713" testName="Aurelian.Spatial2D.Tests.SpatialWorld2DTests.ZeroDisplacementIsNoOpWithoutFakeHit" computerName="DESKTOP-AKFI9N2" duration="00:00:00.0015468" startTime="2026-10-04T13:18:16.4911928-07:00" endTime="2026-10-04T13:18:16.4912182-07:00" testType="13cdc9d9-ddb5-4fa4-a97d-d965ccfc6d4b" outcome="Passed" testListId="8c84fa94-04c1-424b-9868-57a2d4851a1d" relativeResultsDirectory="bdb93b80-445e-46ae-ad1a-a017dc55d68e" />
    <UnitTestResult executionId="80a3b498-b790-41cc-93d2-fcf45a103b13" testId="f0a74644-facb-af21-ebaa-378067e0dd9e" testName="Aurelian.Spatial2D.Tests.SpatialWorld2DTests.DebugFactsCarrySweepContactNormalAndStableColliderId" computerName="DESKTOP-AKFI9N2" duration="00:00:00.0052847" startTime="2026-10-04T13:18:16.4894939-07:00" endTime="2026-10-04T13:18:16.4895210-07:00" testType="13cdc9d9-ddb5-4fa4-a97d-d965ccfc6d4b" outcome="Passed" testListId="8c84fa94-04c1-424b-9868-57a2d4851a1d" relativeResultsDirectory="80a3b498-b790-41cc-93d2-fcf45a103b13" />
    <UnitTestResult executionId="e2f1f67d-0933-4722-8e4f-4c8ba1a2821c" testId="e021cb12-e442-55f8-924f-ed69a7d89575" testName="Aurelian.Spatial2D.Tests.SpatialWorld2DTests.CircleSweepStopsAtRoundedAabbCorner" computerName="DESKTOP-AKFI9N2" duration="00:00:00.0010395" startTime="2026-10-04T13:18:16.4700947-07:00" endTime="2026-10-04T13:18:16.4710850-07:00" testType="13cdc9d9-ddb5-4fa4-a97d-d965ccfc6d4b" outcome="Passed" testListId="8c84fa94-04c1-424b-9868-57a2d4851a1d" relativeResultsDirectory="e2f1f67d-0933-4722-8e4f-4c8ba1a2821c" />
    <UnitTestResult executionId="26ff2704-7d17-4554-93db-89659c5386c9" testId="514b12a0-c2b4-5fa7-93f7-ea4d2bc23376" testName="Aurelian.Spatial2D.Tests.SpatialWorld2DTests.NarrowPassageAcceptsCenteredActor" computerName="DESKTOP-AKFI9N2" duration="00:00:00.0002028" startTime="2026-10-04T13:18:16.4914927-07:00" endTime="2026-10-04T13:18:16.4915187-07:00" testType="13cdc9d9-ddb5-4fa4-a97d-d965ccfc6d4b" outcome="Passed" testListId="8c84fa94-04c1-424b-9868-57a2d4851a1d" relativeResultsDirectory="26ff2704-7d17-4554-93db-89659c5386c9" />
    <UnitTestResult executionId="fdeb90f4-fb61-43ff-a6a0-e061012fc79e" testId="968b12b3-a929-c7b2-cc38-1d0921015ca2" testName="Aurelian.Spatial2D.Tests.SpatialWorld2DTests.DiagonalMoveSlidesAlongWall" computerName="DESKTOP-AKFI9N2" duration="00:00:00.0001022" startTime="2026-10-04T13:18:16.4913459-07:00" endTime="2026-10-04T13:18:16.4913661-07:00" testType="13cdc9d9-ddb5-4fa4-a97d-d965ccfc6d4b" outcome="Passed" testListId="8c84fa94-04c1-424b-9868-57a2d4851a1d" relativeResultsDirectory="fdeb90f4-fb61-43ff-a6a0-e061012fc79e" />
    <UnitTestResult executionId="211ed530-9752-4a92-abfc-00b5c6222f83" testId="ee7ad58d-a526-f547-e36e-bae9e70b2343" testName="Aurelian.Spatial2D.Tests.SpatialWorld2DTests.PointQueryUsesStableOrdering" computerName="DESKTOP-AKFI9N2" duration="00:00:00.0077238" startTime="2026-10-04T13:18:16.4555457-07:00" endTime="2026-10-04T13:18:16.4629400-07:00" testType="13cdc9d9-ddb5-4fa4-a97d-d965ccfc6d4b" outcome="Passed" testListId="8c84fa94-04c1-424b-9868-57a2d4851a1d" relativeResultsDirectory="211ed530-9752-4a92-abfc-00b5c6222f83" />
    <UnitTestResult executionId="7a483d5c-fd7b-485e-ab55-50056cd7ba48" testId="5f870ff2-1532-655a-df17-2519e47ca6ba" testName="Aurelian.Spatial2D.Tests.SpatialWorld2DTests.TileAuthoringLowersOnceToWorldSpaceAabb" computerName="DESKTOP-AKFI9N2" duration="00:00:00.0001724" startTime="2026-10-04T13:18:16.4719143-07:00" endTime="2026-10-04T13:18:16.4720475-07:00" testType="13cdc9d9-ddb5-4fa4-a97d-d965ccfc6d4b" outcome="Passed" testListId="8c84fa94-04c1-424b-9868-57a2d4851a1d" relativeResultsDirectory="7a483d5c-fd7b-485e-ab55-50056cd7ba48" />
    <UnitTestResult executionId="58e69b15-a260-4e56-bcb9-26221a0e1335" testId="010abf6c-fe62-598e-ab66-7edba05f65bb" testName="Aurelian.Spatial2D.Tests.SpatialWorld2DTests.AttackAndPickupProofsReturnCandidatesNotGameplayCallbacks" computerName="DESKTOP-AKFI9N2" duration="00:00:00.0043687" startTime="2026-10-04T13:18:16.4656945-07:00" endTime="2026-10-04T13:18:16.4700250-07:00" testType="13cdc9d9-ddb5-4fa4-a97d-d965ccfc6d4b" outcome="Passed" testListId="8c84fa94-04c1-424b-9868-57a2d4851a1d" relativeResultsDirectory="58e69b15-a260-4e56-bcb9-26221a0e1335" />
    <UnitTestResult executionId="ee7f2ccb-f583-4772-8037-99d42b587750" testId="74aae43c-728e-c9b3-3dc6-4c51ff1ee360" testName="Aurelian.Spatial2D.Tests.SpatialWorld2DTests.TriggerVolumesNeverBlockSweep" computerName="DESKTOP-AKFI9N2" duration="00:00:00.0002798" startTime="2026-10-04T13:18:16.4912729-07:00" endTime="2026-10-04T13:18:16.4912954-07:00" testType="13cdc9d9-ddb5-4fa4-a97d-d965ccfc6d4b" outcome="Passed" testListId="8c84fa94-04c1-424b-9868-57a2d4851a1d" relativeResultsDirectory="ee7f2ccb-f583-4772-8037-99d42b587750" />
    <UnitTestResult executionId="cd09d9e1-4e08-49cf-8941-a2c70e39687e" testId="baf9ec0d-6df3-c9ea-f94e-5f0d1ee3d2fc" testName="Aurelian.Spatial2D.Tests.SpatialWorld2DTests.CircleCircleOverlapQualifiesTouching" computerName="DESKTOP-AKFI9N2" duration="00:00:00.0000976" startTime="2026-10-04T13:18:16.4895711-07:00" endTime="2026-10-04T13:18:16.4895924-07:00" testType="13cdc9d9-ddb5-4fa4-a97d-d965ccfc6d4b" outcome="Passed" testListId="8c84fa94-04c1-424b-9868-57a2d4851a1d" relativeResultsDirectory="cd09d9e1-4e08-49cf-8941-a2c70e39687e" />
    <UnitTestResult executionId="1036486a-f66d-4c06-a88e-66ef53799ad4" testId="c55f30da-0568-d1ca-2192-d59f38f7a36f" testName="Aurelian.Spatial2D.Tests.SpatialWorld2DTests.InitialPenetrationIsReportedWithoutDepenetration" computerName="DESKTOP-AKFI9N2" duration="00:00:00.0083953" startTime="2026-10-04T13:18:16.4536489-07:00" endTime="2026-10-04T13:18:16.4551486-07:00" testType="13cdc9d9-ddb5-4fa4-a97d-d965ccfc6d4b" outcome="Passed" testListId="8c84fa94-04c1-424b-9868-57a2d4851a1d" relativeResultsDirectory="1036486a-f66d-4c06-a88e-66ef53799ad4" />
    <UnitTestResult executionId="01660259-860e-4c49-97ec-22b6eb4be4ad" testId="8122e09e-17ba-c3e5-be11-83437861dd85" testName="Aurelian.Spatial2D.Tests.SpatialWorld2DTests.TransientActorVolumeCanBeQueriedWithoutWorldMutation" computerName="DESKTOP-AKFI9N2" duration="00:00:00.0007406" startTime="2026-10-04T13:18:16.4897411-07:00" endTime="2026-10-04T13:18:16.4897709-07:00" testType="13cdc9d9-ddb5-4fa4-a97d-d965ccfc6d4b" outcome="Passed" testListId="8c84fa94-04c1-424b-9868-57a2d4851a1d" relativeResultsDirectory="01660259-860e-4c49-97ec-22b6eb4be4ad" />
    <UnitTestResult executionId="93a1370e-0bf7-4a56-b27b-ef3457bc00f9" testId="76ad7fc4-bc88-ec84-c316-56c935941ea3" testName="Aurelian.Spatial2D.Tests.SpatialWorld2DTests.AabbSweepStopsAtFirstContact" computerName="DESKTOP-AKFI9N2" duration="00:00:00.0015316" startTime="2026-10-04T13:18:16.4641287-07:00" endTime="2026-10-04T13:18:16.4656262-07:00" testType="13cdc9d9-ddb5-4fa4-a97d-d965ccfc6d4b" outcome="Passed" testListId="8c84fa94-04c1-424b-9868-57a2d4851a1d" relativeResultsDirectory="93a1370e-0bf7-4a56-b27b-ef3457bc00f9" />
    <UnitTestResult executionId="24ffa918-4039-4ed4-9947-0dfa6a1d0591" testId="2f21fe38-3880-c23a-ca22-2c3f1af0f0cf" testName="Aurelian.Spatial2D.Tests.SpatialWorld2DTests.TriggerDiffProducesEnteredStayedExitedInStableOrder" computerName="DESKTOP-AKFI9N2" duration="00:00:00.0063803" startTime="2026-10-04T13:18:16.4915852-07:00" endTime="2026-10-04T13:18:16.4917189-07:00" testType="13cdc9d9-ddb5-4fa4-a97d-d965ccfc6d4b" outcome="Passed" testListId="8c84fa94-04c1-424b-9868-57a2d4851a1d" relativeResultsDirectory="24ffa918-4039-4ed4-9947-0dfa6a1d0591" />
    <UnitTestResult executionId="c5f640f7-e736-49f7-9f5c-0352c61c71eb" testId="09c5a63a-0fbc-84cb-132f-2e1a6aae30f1" testName="Aurelian.Spatial2D.Tests.SpatialWorld2DTests.ThousandStepReplayHasExactContactAndPositionParity" computerName="DESKTOP-AKFI9N2" duration="00:00:00.0098721" startTime="2026-10-04T13:18:16.4936305-07:00" endTime="2026-10-04T13:18:16.5034287-07:00" testType="13cdc9d9-ddb5-4fa4-a97d-d965ccfc6d4b" outcome="Passed" testListId="8c84fa94-04c1-424b-9868-57a2d4851a1d" relativeResultsDirectory="c5f640f7-e736-49f7-9f5c-0352c61c71eb" />
    <UnitTestResult executionId="acfbf6bb-c40c-4926-8d7d-7517f577f7b9" testId="fdd60b3a-24d4-b8f5-0196-54cde7388028" testName="Aurelian.Spatial2D.Tests.SpatialWorld2DTests.EqualTimeOfImpactUsesStableColliderId" computerName="DESKTOP-AKFI9N2" duration="00:00:00.0001614" startTime="2026-10-04T13:18:16.4896543-07:00" endTime="2026-10-04T13:18:16.4896821-07:00" testType="13cdc9d9-ddb5-4fa4-a97d-d965ccfc6d4b" outcome="Passed" testListId="8c84fa94-04c1-424b-9868-57a2d4851a1d" relativeResultsDirectory="acfbf6bb-c40c-4926-8d7d-7517f577f7b9" />
    <UnitTestResult executionId="d54ad9bc-a52d-4c72-a63e-173ad9ea0645" testId="525e2a29-effd-68bd-bfe7-470410285ec1" testName="Aurelian.Spatial2D.Tests.SpatialWorld2DTests.CrossingTriggerBoundaryProducesEnteredStayedExitedSequence" computerName="DESKTOP-AKFI9N2" duration="00:00:00.0017827" startTime="2026-10-04T13:18:16.4917863-07:00" endTime="2026-10-04T13:18:16.4935466-07:00" testType="13cdc9d9-ddb5-4fa4-a97d-d965ccfc6d4b" outcome="Passed" testListId="8c84fa94-04c1-424b-9868-57a2d4851a1d" relativeResultsDirectory="d54ad9bc-a52d-4c72-a63e-173ad9ea0645" />
    <UnitTestResult executionId="1153150c-c555-45bc-b9e4-0162f96fcc9a" testId="0bc33e24-1bb0-3773-b982-df037799dc44" testName="Aurelian.Spatial2D.Tests.SpatialWorld2DTests.OuterCornerPreservesTangentMotion" computerName="DESKTOP-AKFI9N2" duration="00:00:00.0007210" startTime="2026-10-04T13:18:16.4711562-07:00" endTime="2026-10-04T13:18:16.4718357-07:00" testType="13cdc9d9-ddb5-4fa4-a97d-d965ccfc6d4b" outcome="Passed" testListId="8c84fa94-04c1-424b-9868-57a2d4851a1d" relativeResultsDirectory="1153150c-c555-45bc-b9e4-0162f96fcc9a" />
  </Results>
  <TestDefinitions>
    <UnitTest name="Aurelian.Spatial2D.Tests.SpatialWorld2DTests.TransientActorVolumeCanBeQueriedWithoutWorldMutation" storage="c:\users\yuech\source\repos\copeland\tests\aurelian\aurelian.spatial2d.tests\bin\release\net10.0\aurelian.spatial2d.tests.dll" id="8122e09e-17ba-c3e5-be11-83437861dd85">
      <Execution id="01660259-860e-4c49-97ec-22b6eb4be4ad" />
      <TestMethod codeBase="C:\Users\yuech\source\repos\Copeland\tests\Aurelian\Aurelian.Spatial2D.Tests\bin\Release\net10.0\Aurelian.Spatial2D.Tests.dll" adapterTypeName="executor://xunit/VsTestRunner3/netcore/" className="Aurelian.Spatial2D.Tests.SpatialWorld2DTests" name="TransientActorVolumeCanBeQueriedWithoutWorldMutation" />
    </UnitTest>
    <UnitTest name="Aurelian.Spatial2D.Tests.SpatialWorld2DTests.LayerFilterIsTypedAndEngineNeutral" storage="c:\users\yuech\source\repos\copeland\tests\aurelian\aurelian.spatial2d.tests\bin\release\net10.0\aurelian.spatial2d.tests.dll" id="7ed5ef3a-16f5-9dce-28fe-e7a50c281daa">
      <Execution id="9aa9ccd8-c6af-48f8-9415-ba79882f2b29" />
      <TestMethod codeBase="C:\Users\yuech\source\repos\Copeland\tests\Aurelian\Aurelian.Spatial2D.Tests\bin\Release\net10.0\Aurelian.Spatial2D.Tests.dll" adapterTypeName="executor://xunit/VsTestRunner3/netcore/" className="Aurelian.Spatial2D.Tests.SpatialWorld2DTests" name="LayerFilterIsTypedAndEngineNeutral" />
    </UnitTest>
    <UnitTest name="Aurelian.Spatial2D.Tests.SpatialWorld2DTests.EqualTimeOfImpactUsesStableColliderId" storage="c:\users\yuech\source\repos\copeland\tests\aurelian\aurelian.spatial2d.tests\bin\release\net10.0\aurelian.spatial2d.tests.dll" id="fdd60b3a-24d4-b8f5-0196-54cde7388028">
      <Execution id="acfbf6bb-c40c-4926-8d7d-7517f577f7b9" />
      <TestMethod codeBase="C:\Users\yuech\source\repos\Copeland\tests\Aurelian\Aurelian.Spatial2D.Tests\bin\Release\net10.0\Aurelian.Spatial2D.Tests.dll" adapterTypeName="executor://xunit/VsTestRunner3/netcore/" className="Aurelian.Spatial2D.Tests.SpatialWorld2DTests" name="EqualTimeOfImpactUsesStableColliderId" />
    </UnitTest>
    <UnitTest name="Aurelian.Spatial2D.Tests.SpatialWorld2DTests.ThousandStepReplayHasExactContactAndPositionParity" storage="c:\users\yuech\source\repos\copeland\tests\aurelian\aurelian.spatial2d.tests\bin\release\net10.0\aurelian.spatial2d.tests.dll" id="09c5a63a-0fbc-84cb-132f-2e1a6aae30f1">
      <Execution id="c5f640f7-e736-49f7-9f5c-0352c61c71eb" />
      <TestMethod codeBase="C:\Users\yuech\source\repos\Copeland\tests\Aurelian\Aurelian.Spatial2D.Tests\bin\Release\net10.0\Aurelian.Spatial2D.Tests.dll" adapterTypeName="executor://xunit/VsTestRunner3/netcore/" className="Aurelian.Spatial2D.Tests.SpatialWorld2DTests" name="ThousandStepReplayHasExactContactAndPositionParity" />
    </UnitTest>
    <UnitTest name="Aurelian.Spatial2D.Tests.SpatialWorld2DTests.InnerCornerReportsBothEqualTimeContactsAndStops" storage="c:\users\yuech\source\repos\copeland\tests\aurelian\aurelian.spatial2d.tests\bin\release\net10.0\aurelian.spatial2d.tests.dll" id="e4fb83ed-84a1-c465-aa76-4117bfa7155c">
      <Execution id="6db1ad63-7a50-4eb8-bb33-e7a413bdd12b" />
      <TestMethod codeBase="C:\Users\yuech\source\repos\Copeland\tests\Aurelian\Aurelian.Spatial2D.Tests\bin\Release\net10.0\Aurelian.Spatial2D.Tests.dll" adapterTypeName="executor://xunit/VsTestRunner3/netcore/" className="Aurelian.Spatial2D.Tests.SpatialWorld2DTests" name="InnerCornerReportsBothEqualTimeContactsAndStops" />
    </UnitTest>
    <UnitTest name="Aurelian.Spatial2D.Tests.SpatialWorld2DTests.OuterCornerPreservesTangentMotion" storage="c:\users\yuech\source\repos\copeland\tests\aurelian\aurelian.spatial2d.tests\bin\release\net10.0\aurelian.spatial2d.tests.dll" id="0bc33e24-1bb0-3773-b982-df037799dc44">
      <Execution id="1153150c-c555-45bc-b9e4-0162f96fcc9a" />
      <TestMethod codeBase="C:\Users\yuech\source\repos\Copeland\tests\Aurelian\Aurelian.Spatial2D.Tests\bin\Release\net10.0\Aurelian.Spatial2D.Tests.dll" adapterTypeName="executor://xunit/VsTestRunner3/netcore/" className="Aurelian.Spatial2D.Tests.SpatialWorld2DTests" name="OuterCornerPreservesTangentMotion" />
    </UnitTest>
    <UnitTest name="Aurelian.Spatial2D.Tests.SpatialWorld2DTests.AttackAndPickupProofsReturnCandidatesNotGameplayCallbacks" storage="c:\users\yuech\source\repos\copeland\tests\aurelian\aurelian.spatial2d.tests\bin\release\net10.0\aurelian.spatial2d.tests.dll" id="010abf6c-fe62-598e-ab66-7edba05f65bb">
      <Execution id="58e69b15-a260-4e56-bcb9-26221a0e1335" />
      <TestMethod codeBase="C:\Users\yuech\source\repos\Copeland\tests\Aurelian\Aurelian.Spatial2D.Tests\bin\Release\net10.0\Aurelian.Spatial2D.Tests.dll" adapterTypeName="executor://xunit/VsTestRunner3/netcore/" className="Aurelian.Spatial2D.Tests.SpatialWorld2DTests" name="AttackAndPickupProofsReturnCandidatesNotGameplayCallbacks" />
    </UnitTest>
    <UnitTest name="Aurelian.Spatial2D.Tests.SpatialWorld2DTests.AabbSweepStopsAtFirstContact" storage="c:\users\yuech\source\repos\copeland\tests\aurelian\aurelian.spatial2d.tests\bin\release\net10.0\aurelian.spatial2d.tests.dll" id="76ad7fc4-bc88-ec84-c316-56c935941ea3">
      <Execution id="93a1370e-0bf7-4a56-b27b-ef3457bc00f9" />
      <TestMethod codeBase="C:\Users\yuech\source\repos\Copeland\tests\Aurelian\Aurelian.Spatial2D.Tests\bin\Release\net10.0\Aurelian.Spatial2D.Tests.dll" adapterTypeName="executor://xunit/VsTestRunner3/netcore/" className="Aurelian.Spatial2D.Tests.SpatialWorld2DTests" name="AabbSweepStopsAtFirstContact" />
    </UnitTest>
    <UnitTest name="Aurelian.Spatial2D.Tests.SpatialWorld2DTests.CrossingTriggerBoundaryProducesEnteredStayedExitedSequence" storage="c:\users\yuech\source\repos\copeland\tests\aurelian\aurelian.spatial2d.tests\bin\release\net10.0\aurelian.spatial2d.tests.dll" id="525e2a29-effd-68bd-bfe7-470410285ec1">
      <Execution id="d54ad9bc-a52d-4c72-a63e-173ad9ea0645" />
      <TestMethod codeBase="C:\Users\yuech\source\repos\Copeland\tests\Aurelian\Aurelian.Spatial2D.Tests\bin\Release\net10.0\Aurelian.Spatial2D.Tests.dll" adapterTypeName="executor://xunit/VsTestRunner3/netcore/" className="Aurelian.Spatial2D.Tests.SpatialWorld2DTests" name="CrossingTriggerBoundaryProducesEnteredStayedExitedSequence" />
    </UnitTest>
    <UnitTest name="Aurelian.Spatial2D.Tests.SpatialWorld2DTests.NarrowPassageAcceptsCenteredActor" storage="c:\users\yuech\source\repos\copeland\tests\aurelian\aurelian.spatial2d.tests\bin\release\net10.0\aurelian.spatial2d.tests.dll" id="514b12a0-c2b4-5fa7-93f7-ea4d2bc23376">
      <Execution id="26ff2704-7d17-4554-93db-89659c5386c9" />
      <TestMethod codeBase="C:\Users\yuech\source\repos\Copeland\tests\Aurelian\Aurelian.Spatial2D.Tests\bin\Release\net10.0\Aurelian.Spatial2D.Tests.dll" adapterTypeName="executor://xunit/VsTestRunner3/netcore/" className="Aurelian.Spatial2D.Tests.SpatialWorld2DTests" name="NarrowPassageAcceptsCenteredActor" />
    </UnitTest>
    <UnitTest name="Aurelian.Spatial2D.Tests.SpatialWorld2DTests.AabbOverlapReturnsStableDistanceThenIdOrder" storage="c:\users\yuech\source\repos\copeland\tests\aurelian\aurelian.spatial2d.tests\bin\release\net10.0\aurelian.spatial2d.tests.dll" id="0b17d3df-7d8b-8d9f-10e1-7697bf5f9bc5">
      <Execution id="c183af2c-bba7-4e61-a038-651f336dedc2" />
      <TestMethod codeBase="C:\Users\yuech\source\repos\Copeland\tests\Aurelian\Aurelian.Spatial2D.Tests\bin\Release\net10.0\Aurelian.Spatial2D.Tests.dll" adapterTypeName="executor://xunit/VsTestRunner3/netcore/" className="Aurelian.Spatial2D.Tests.SpatialWorld2DTests" name="AabbOverlapReturnsStableDistanceThenIdOrder" />
    </UnitTest>
    <UnitTest name="Aurelian.Spatial2D.Tests.SpatialWorld2DTests.ColliderMaskCanRejectAQueryLayer" storage="c:\users\yuech\source\repos\copeland\tests\aurelian\aurelian.spatial2d.tests\bin\release\net10.0\aurelian.spatial2d.tests.dll" id="46f8edd9-285b-ac58-2a3c-cfd69d3b60e2">
      <Execution id="fe487884-10ea-476f-a933-7de32ddd0548" />
      <TestMethod codeBase="C:\Users\yuech\source\repos\Copeland\tests\Aurelian\Aurelian.Spatial2D.Tests\bin\Release\net10.0\Aurelian.Spatial2D.Tests.dll" adapterTypeName="executor://xunit/VsTestRunner3/netcore/" className="Aurelian.Spatial2D.Tests.SpatialWorld2DTests" name="ColliderMaskCanRejectAQueryLayer" />
    </UnitTest>
    <UnitTest name="Aurelian.Spatial2D.Tests.SpatialWorld2DTests.TriggerDiffProducesEnteredStayedExitedInStableOrder" storage="c:\users\yuech\source\repos\copeland\tests\aurelian\aurelian.spatial2d.tests\bin\release\net10.0\aurelian.spatial2d.tests.dll" id="2f21fe38-3880-c23a-ca22-2c3f1af0f0cf">
      <Execution id="24ffa918-4039-4ed4-9947-0dfa6a1d0591" />
      <TestMethod codeBase="C:\Users\yuech\source\repos\Copeland\tests\Aurelian\Aurelian.Spatial2D.Tests\bin\Release\net10.0\Aurelian.Spatial2D.Tests.dll" adapterTypeName="executor://xunit/VsTestRunner3/netcore/" className="Aurelian.Spatial2D.Tests.SpatialWorld2DTests" name="TriggerDiffProducesEnteredStayedExitedInStableOrder" />
    </UnitTest>
    <UnitTest name="Aurelian.Spatial2D.Tests.SpatialWorld2DTests.DiagonalMoveSlidesAlongWall" storage="c:\users\yuech\source\repos\copeland\tests\aurelian\aurelian.spatial2d.tests\bin\release\net10.0\aurelian.spatial2d.tests.dll" id="968b12b3-a929-c7b2-cc38-1d0921015ca2">
      <Execution id="fdeb90f4-fb61-43ff-a6a0-e061012fc79e" />
      <TestMethod codeBase="C:\Users\yuech\source\repos\Copeland\tests\Aurelian\Aurelian.Spatial2D.Tests\bin\Release\net10.0\Aurelian.Spatial2D.Tests.dll" adapterTypeName="executor://xunit/VsTestRunner3/netcore/" className="Aurelian.Spatial2D.Tests.SpatialWorld2DTests" name="DiagonalMoveSlidesAlongWall" />
    </UnitTest>
    <UnitTest name="Aurelian.Spatial2D.Tests.SpatialWorld2DTests.ZeroDisplacementIsNoOpWithoutFakeHit" storage="c:\users\yuech\source\repos\copeland\tests\aurelian\aurelian.spatial2d.tests\bin\release\net10.0\aurelian.spatial2d.tests.dll" id="930c0b7d-a763-ae7a-4e4d-860232235713">
      <Execution id="bdb93b80-445e-46ae-ad1a-a017dc55d68e" />
      <TestMethod codeBase="C:\Users\yuech\source\repos\Copeland\tests\Aurelian\Aurelian.Spatial2D.Tests\bin\Release\net10.0\Aurelian.Spatial2D.Tests.dll" adapterTypeName="executor://xunit/VsTestRunner3/netcore/" className="Aurelian.Spatial2D.Tests.SpatialWorld2DTests" name="ZeroDisplacementIsNoOpWithoutFakeHit" />
    </UnitTest>
    <UnitTest name="Aurelian.Spatial2D.Tests.SpatialWorld2DTests.LargeDisplacementCannotTunnelThroughThinWall" storage="c:\users\yuech\source\repos\copeland\tests\aurelian\aurelian.spatial2d.tests\bin\release\net10.0\aurelian.spatial2d.tests.dll" id="3e40ada1-7287-5f7b-4f8d-f5d24424fdba">
      <Execution id="cdd493f8-a92d-4c27-b429-10147a629f58" />
      <TestMethod codeBase="C:\Users\yuech\source\repos\Copeland\tests\Aurelian\Aurelian.Spatial2D.Tests\bin\Release\net10.0\Aurelian.Spatial2D.Tests.dll" adapterTypeName="executor://xunit/VsTestRunner3/netcore/" className="Aurelian.Spatial2D.Tests.SpatialWorld2DTests" name="LargeDisplacementCannotTunnelThroughThinWall" />
    </UnitTest>
    <UnitTest name="Aurelian.Spatial2D.Tests.SpatialWorld2DTests.CircleSweepStopsAtRoundedAabbCorner" storage="c:\users\yuech\source\repos\copeland\tests\aurelian\aurelian.spatial2d.tests\bin\release\net10.0\aurelian.spatial2d.tests.dll" id="e021cb12-e442-55f8-924f-ed69a7d89575">
      <Execution id="e2f1f67d-0933-4722-8e4f-4c8ba1a2821c" />
      <TestMethod codeBase="C:\Users\yuech\source\repos\Copeland\tests\Aurelian\Aurelian.Spatial2D.Tests\bin\Release\net10.0\Aurelian.Spatial2D.Tests.dll" adapterTypeName="executor://xunit/VsTestRunner3/netcore/" className="Aurelian.Spatial2D.Tests.SpatialWorld2DTests" name="CircleSweepStopsAtRoundedAabbCorner" />
    </UnitTest>
    <UnitTest name="Aurelian.Spatial2D.Tests.SpatialWorld2DTests.CircleCircleOverlapQualifiesTouching" storage="c:\users\yuech\source\repos\copeland\tests\aurelian\aurelian.spatial2d.tests\bin\release\net10.0\aurelian.spatial2d.tests.dll" id="baf9ec0d-6df3-c9ea-f94e-5f0d1ee3d2fc">
      <Execution id="cd09d9e1-4e08-49cf-8941-a2c70e39687e" />
      <TestMethod codeBase="C:\Users\yuech\source\repos\Copeland\tests\Aurelian\Aurelian.Spatial2D.Tests\bin\Release\net10.0\Aurelian.Spatial2D.Tests.dll" adapterTypeName="executor://xunit/VsTestRunner3/netcore/" className="Aurelian.Spatial2D.Tests.SpatialWorld2DTests" name="CircleCircleOverlapQualifiesTouching" />
    </UnitTest>
    <UnitTest name="Aurelian.Spatial2D.Tests.SpatialWorld2DTests.PointQueryUsesStableOrdering" storage="c:\users\yuech\source\repos\copeland\tests\aurelian\aurelian.spatial2d.tests\bin\release\net10.0\aurelian.spatial2d.tests.dll" id="ee7ad58d-a526-f547-e36e-bae9e70b2343">
      <Execution id="211ed530-9752-4a92-abfc-00b5c6222f83" />
      <TestMethod codeBase="C:\Users\yuech\source\repos\Copeland\tests\Aurelian\Aurelian.Spatial2D.Tests\bin\Release\net10.0\Aurelian.Spatial2D.Tests.dll" adapterTypeName="executor://xunit/VsTestRunner3/netcore/" className="Aurelian.Spatial2D.Tests.SpatialWorld2DTests" name="PointQueryUsesStableOrdering" />
    </UnitTest>
    <UnitTest name="Aurelian.Spatial2D.Tests.SpatialWorld2DTests.KnockbackUsesTheSameCollisionSafeDisplacementLaw" storage="c:\users\yuech\source\repos\copeland\tests\aurelian\aurelian.spatial2d.tests\bin\release\net10.0\aurelian.spatial2d.tests.dll" id="3bb55a23-0e36-79d6-9b2f-3544f2704552">
      <Execution id="b79f0e86-e7cd-4ca8-b8e9-67a62f70258f" />
      <TestMethod codeBase="C:\Users\yuech\source\repos\Copeland\tests\Aurelian\Aurelian.Spatial2D.Tests\bin\Release\net10.0\Aurelian.Spatial2D.Tests.dll" adapterTypeName="executor://xunit/VsTestRunner3/netcore/" className="Aurelian.Spatial2D.Tests.SpatialWorld2DTests" name="KnockbackUsesTheSameCollisionSafeDisplacementLaw" />
    </UnitTest>
    <UnitTest name="Aurelian.Spatial2D.Tests.SpatialWorld2DTests.CircleSweepAgainstCircleIsContinuous" storage="c:\users\yuech\source\repos\copeland\tests\aurelian\aurelian.spatial2d.tests\bin\release\net10.0\aurelian.spatial2d.tests.dll" id="3ab8f65d-3626-032a-5ef1-6f4ff6d43f1b">
      <Execution id="dd7f3319-bcd6-48bd-b36c-67cd844b8625" />
      <TestMethod codeBase="C:\Users\yuech\source\repos\Copeland\tests\Aurelian\Aurelian.Spatial2D.Tests\bin\Release\net10.0\Aurelian.Spatial2D.Tests.dll" adapterTypeName="executor://xunit/VsTestRunner3/netcore/" className="Aurelian.Spatial2D.Tests.SpatialWorld2DTests" name="CircleSweepAgainstCircleIsContinuous" />
    </UnitTest>
    <UnitTest name="Aurelian.Spatial2D.Tests.SpatialWorld2DTests.TriggerVolumesNeverBlockSweep" storage="c:\users\yuech\source\repos\copeland\tests\aurelian\aurelian.spatial2d.tests\bin\release\net10.0\aurelian.spatial2d.tests.dll" id="74aae43c-728e-c9b3-3dc6-4c51ff1ee360">
      <Execution id="ee7f2ccb-f583-4772-8037-99d42b587750" />
      <TestMethod codeBase="C:\Users\yuech\source\repos\Copeland\tests\Aurelian\Aurelian.Spatial2D.Tests\bin\Release\net10.0\Aurelian.Spatial2D.Tests.dll" adapterTypeName="executor://xunit/VsTestRunner3/netcore/" className="Aurelian.Spatial2D.Tests.SpatialWorld2DTests" name="TriggerVolumesNeverBlockSweep" />
    </UnitTest>
    <UnitTest name="Aurelian.Spatial2D.Tests.SpatialWorld2DTests.TileAuthoringLowersOnceToWorldSpaceAabb" storage="c:\users\yuech\source\repos\copeland\tests\aurelian\aurelian.spatial2d.tests\bin\release\net10.0\aurelian.spatial2d.tests.dll" id="5f870ff2-1532-655a-df17-2519e47ca6ba">
      <Execution id="7a483d5c-fd7b-485e-ab55-50056cd7ba48" />
      <TestMethod codeBase="C:\Users\yuech\source\repos\Copeland\tests\Aurelian\Aurelian.Spatial2D.Tests\bin\Release\net10.0\Aurelian.Spatial2D.Tests.dll" adapterTypeName="executor://xunit/VsTestRunner3/netcore/" className="Aurelian.Spatial2D.Tests.SpatialWorld2DTests" name="TileAuthoringLowersOnceToWorldSpaceAabb" />
    </UnitTest>
    <UnitTest name="Aurelian.Spatial2D.Tests.SpatialWorld2DTests.CircleAabbOverlapHandlesCornerDistance" storage="c:\users\yuech\source\repos\copeland\tests\aurelian\aurelian.spatial2d.tests\bin\release\net10.0\aurelian.spatial2d.tests.dll" id="6de6d459-e53b-ca06-994b-8ec3a63af8b7">
      <Execution id="22280df9-3b97-46f3-82ab-d212e06d4b34" />
      <TestMethod codeBase="C:\Users\yuech\source\repos\Copeland\tests\Aurelian\Aurelian.Spatial2D.Tests\bin\Release\net10.0\Aurelian.Spatial2D.Tests.dll" adapterTypeName="executor://xunit/VsTestRunner3/netcore/" className="Aurelian.Spatial2D.Tests.SpatialWorld2DTests" name="CircleAabbOverlapHandlesCornerDistance" />
    </UnitTest>
    <UnitTest name="Aurelian.Spatial2D.Tests.SpatialWorld2DTests.InvalidShapesAndNonFiniteInputsAreRejected" storage="c:\users\yuech\source\repos\copeland\tests\aurelian\aurelian.spatial2d.tests\bin\release\net10.0\aurelian.spatial2d.tests.dll" id="e39685eb-facf-c0fb-3b13-39683a75750d">
      <Execution id="e3f92e7d-d303-4bd2-a63f-ef28f4e94b0f" />
      <TestMethod codeBase="C:\Users\yuech\source\repos\Copeland\tests\Aurelian\Aurelian.Spatial2D.Tests\bin\Release\net10.0\Aurelian.Spatial2D.Tests.dll" adapterTypeName="executor://xunit/VsTestRunner3/netcore/" className="Aurelian.Spatial2D.Tests.SpatialWorld2DTests" name="InvalidShapesAndNonFiniteInputsAreRejected" />
    </UnitTest>
    <UnitTest name="Aurelian.Spatial2D.Tests.SpatialWorld2DTests.DebugFactsCarrySweepContactNormalAndStableColliderId" storage="c:\users\yuech\source\repos\copeland\tests\aurelian\aurelian.spatial2d.tests\bin\release\net10.0\aurelian.spatial2d.tests.dll" id="f0a74644-facb-af21-ebaa-378067e0dd9e">
      <Execution id="80a3b498-b790-41cc-93d2-fcf45a103b13" />
      <TestMethod codeBase="C:\Users\yuech\source\repos\Copeland\tests\Aurelian\Aurelian.Spatial2D.Tests\bin\Release\net10.0\Aurelian.Spatial2D.Tests.dll" adapterTypeName="executor://xunit/VsTestRunner3/netcore/" className="Aurelian.Spatial2D.Tests.SpatialWorld2DTests" name="DebugFactsCarrySweepContactNormalAndStableColliderId" />
    </UnitTest>
    <UnitTest name="Aurelian.Spatial2D.Tests.SpatialWorld2DTests.InitialPenetrationIsReportedWithoutDepenetration" storage="c:\users\yuech\source\repos\copeland\tests\aurelian\aurelian.spatial2d.tests\bin\release\net10.0\aurelian.spatial2d.tests.dll" id="c55f30da-0568-d1ca-2192-d59f38f7a36f">
      <Execution id="1036486a-f66d-4c06-a88e-66ef53799ad4" />
      <TestMethod codeBase="C:\Users\yuech\source\repos\Copeland\tests\Aurelian\Aurelian.Spatial2D.Tests\bin\Release\net10.0\Aurelian.Spatial2D.Tests.dll" adapterTypeName="executor://xunit/VsTestRunner3/netcore/" className="Aurelian.Spatial2D.Tests.SpatialWorld2DTests" name="InitialPenetrationIsReportedWithoutDepenetration" />
    </UnitTest>
  </TestDefinitions>
  <TestEntries>
    <TestEntry testId="e39685eb-facf-c0fb-3b13-39683a75750d" executionId="e3f92e7d-d303-4bd2-a63f-ef28f4e94b0f" testListId="8c84fa94-04c1-424b-9868-57a2d4851a1d" />
    <TestEntry testId="0b17d3df-7d8b-8d9f-10e1-7697bf5f9bc5" executionId="c183af2c-bba7-4e61-a038-651f336dedc2" testListId="8c84fa94-04c1-424b-9868-57a2d4851a1d" />
    <TestEntry testId="46f8edd9-285b-ac58-2a3c-cfd69d3b60e2" executionId="fe487884-10ea-476f-a933-7de32ddd0548" testListId="8c84fa94-04c1-424b-9868-57a2d4851a1d" />
    <TestEntry testId="e4fb83ed-84a1-c465-aa76-4117bfa7155c" executionId="6db1ad63-7a50-4eb8-bb33-e7a413bdd12b" testListId="8c84fa94-04c1-424b-9868-57a2d4851a1d" />
    <TestEntry testId="3e40ada1-7287-5f7b-4f8d-f5d24424fdba" executionId="cdd493f8-a92d-4c27-b429-10147a629f58" testListId="8c84fa94-04c1-424b-9868-57a2d4851a1d" />
    <TestEntry testId="3bb55a23-0e36-79d6-9b2f-3544f2704552" executionId="b79f0e86-e7cd-4ca8-b8e9-67a62f70258f" testListId="8c84fa94-04c1-424b-9868-57a2d4851a1d" />
    <TestEntry testId="7ed5ef3a-16f5-9dce-28fe-e7a50c281daa" executionId="9aa9ccd8-c6af-48f8-9415-ba79882f2b29" testListId="8c84fa94-04c1-424b-9868-57a2d4851a1d" />
    <TestEntry testId="6de6d459-e53b-ca06-994b-8ec3a63af8b7" executionId="22280df9-3b97-46f3-82ab-d212e06d4b34" testListId="8c84fa94-04c1-424b-9868-57a2d4851a1d" />
    <TestEntry testId="3ab8f65d-3626-032a-5ef1-6f4ff6d43f1b" executionId="dd7f3319-bcd6-48bd-b36c-67cd844b8625" testListId="8c84fa94-04c1-424b-9868-57a2d4851a1d" />
    <TestEntry testId="930c0b7d-a763-ae7a-4e4d-860232235713" executionId="bdb93b80-445e-46ae-ad1a-a017dc55d68e" testListId="8c84fa94-04c1-424b-9868-57a2d4851a1d" />
    <TestEntry testId="f0a74644-facb-af21-ebaa-378067e0dd9e" executionId="80a3b498-b790-41cc-93d2-fcf45a103b13" testListId="8c84fa94-04c1-424b-9868-57a2d4851a1d" />
    <TestEntry testId="e021cb12-e442-55f8-924f-ed69a7d89575" executionId="e2f1f67d-0933-4722-8e4f-4c8ba1a2821c" testListId="8c84fa94-04c1-424b-9868-57a2d4851a1d" />
    <TestEntry testId="514b12a0-c2b4-5fa7-93f7-ea4d2bc23376" executionId="26ff2704-7d17-4554-93db-89659c5386c9" testListId="8c84fa94-04c1-424b-9868-57a2d4851a1d" />
    <TestEntry testId="968b12b3-a929-c7b2-cc38-1d0921015ca2" executionId="fdeb90f4-fb61-43ff-a6a0-e061012fc79e" testListId="8c84fa94-04c1-424b-9868-57a2d4851a1d" />
    <TestEntry testId="ee7ad58d-a526-f547-e36e-bae9e70b2343" executionId="211ed530-9752-4a92-abfc-00b5c6222f83" testListId="8c84fa94-04c1-424b-9868-57a2d4851a1d" />
    <TestEntry testId="5f870ff2-1532-655a-df17-2519e47ca6ba" executionId="7a483d5c-fd7b-485e-ab55-50056cd7ba48" testListId="8c84fa94-04c1-424b-9868-57a2d4851a1d" />
    <TestEntry testId="010abf6c-fe62-598e-ab66-7edba05f65bb" executionId="58e69b15-a260-4e56-bcb9-26221a0e1335" testListId="8c84fa94-04c1-424b-9868-57a2d4851a1d" />
    <TestEntry testId="74aae43c-728e-c9b3-3dc6-4c51ff1ee360" executionId="ee7f2ccb-f583-4772-8037-99d42b587750" testListId="8c84fa94-04c1-424b-9868-57a2d4851a1d" />
    <TestEntry testId="baf9ec0d-6df3-c9ea-f94e-5f0d1ee3d2fc" executionId="cd09d9e1-4e08-49cf-8941-a2c70e39687e" testListId="8c84fa94-04c1-424b-9868-57a2d4851a1d" />
    <TestEntry testId="c55f30da-0568-d1ca-2192-d59f38f7a36f" executionId="1036486a-f66d-4c06-a88e-66ef53799ad4" testListId="8c84fa94-04c1-424b-9868-57a2d4851a1d" />
    <TestEntry testId="8122e09e-17ba-c3e5-be11-83437861dd85" executionId="01660259-860e-4c49-97ec-22b6eb4be4ad" testListId="8c84fa94-04c1-424b-9868-57a2d4851a1d" />
    <TestEntry testId="76ad7fc4-bc88-ec84-c316-56c935941ea3" executionId="93a1370e-0bf7-4a56-b27b-ef3457bc00f9" testListId="8c84fa94-04c1-424b-9868-57a2d4851a1d" />
    <TestEntry testId="2f21fe38-3880-c23a-ca22-2c3f1af0f0cf" executionId="24ffa918-4039-4ed4-9947-0dfa6a1d0591" testListId="8c84fa94-04c1-424b-9868-57a2d4851a1d" />
    <TestEntry testId="09c5a63a-0fbc-84cb-132f-2e1a6aae30f1" executionId="c5f640f7-e736-49f7-9f5c-0352c61c71eb" testListId="8c84fa94-04c1-424b-9868-57a2d4851a1d" />
    <TestEntry testId="fdd60b3a-24d4-b8f5-0196-54cde7388028" executionId="acfbf6bb-c40c-4926-8d7d-7517f577f7b9" testListId="8c84fa94-04c1-424b-9868-57a2d4851a1d" />
    <TestEntry testId="525e2a29-effd-68bd-bfe7-470410285ec1" executionId="d54ad9bc-a52d-4c72-a63e-173ad9ea0645" testListId="8c84fa94-04c1-424b-9868-57a2d4851a1d" />
    <TestEntry testId="0bc33e24-1bb0-3773-b982-df037799dc44" executionId="1153150c-c555-45bc-b9e4-0162f96fcc9a" testListId="8c84fa94-04c1-424b-9868-57a2d4851a1d" />
  </TestEntries>
  <TestLists>
    <TestList name="Results Not in a List" id="8c84fa94-04c1-424b-9868-57a2d4851a1d" />
    <TestList name="All Loaded Results" id="19431567-8539-422a-85d7-44ee4e166bda" />
  </TestLists>
  <ResultSummary outcome="Completed">
    <Counters total="27" executed="27" passed="27" failed="0" error="0" timeout="0" aborted="0" inconclusive="0" passedButRunAborted="0" notRunnable="0" notExecuted="0" disconnected="0" warning="0" completed="0" inProgress="0" pending="0" />
    <Output>
      <StdOut>[xUnit.net 00:00:00.00] xUnit.net VSTest Adapter v3.1.5+1b188a7b0a (64-bit .NET 10.0.12)&#xD;
[xUnit.net 00:00:00.17]   Discovering: Aurelian.Spatial2D.Tests&#xD;
[xUnit.net 00:00:00.19]   Discovered:  Aurelian.Spatial2D.Tests&#xD;
[xUnit.net 00:00:00.21]   Starting:    Aurelian.Spatial2D.Tests&#xD;
[xUnit.net 00:00:00.38]   Finished:    Aurelian.Spatial2D.Tests&#xD;
</StdOut>
    </Output>
  </ResultSummary>
</TestRun>